<html>
<body>
<pre>
<h1>礦ision Build Log</h1>
<h2>Tool Versions:</h2>
IDE-Version: μVision V5.14.0.0
Copyright (C) 2015 ARM Ltd and ARM Germany GmbH. All rights reserved.
License Information: 1 313557764@qq.com, 1, LIC=Z3C9U-SAFH7-F1CPT-R4P88-WAZNQ-VTD0B
 
Tool Versions:
Toolchain:       MDK-ARM Professional  Version: 5.28.0.0
Toolchain Path:  D:\Keil_v5\ARM\ARMCC\Bin
C Compiler:      Armcc.exe V5.06 update 6 (build 750)
Assembler:       Armasm.exe V5.06 update 6 (build 750)
Linker/Locator:  ArmLink.exe V5.06 update 6 (build 750)
Library Manager: ArmAr.exe V5.06 update 6 (build 750)
Hex Converter:   FromElf.exe V5.06 update 6 (build 750)
CPU DLL:         SARMCM3.DLL V5.28.0.0
Dialog DLL:      DARMSTM.DLL V1.68.0.0
Target DLL:      STLink\ST-LINKIII-KEIL_SWO.dll V3.0.6.0
Dialog DLL:      TCM.DLL V1.36.2.0
 
<h2>Project:</h2>
D:\File\Project\PolyU\David robotic\Desalination Robot\控制器代码240222\USER\WHEELTEC.uvprojx
Project File Date:  02/23/2024

<h2>Output:</h2>
Build target 'FreeRTOS'
compiling usartx.c...
..\MPU6050\I2C.h(25): warning:  #47-D: incompatible redefinition of macro "__ARMCLIB_VERSION"  (declared at line 22 of "D:\Keil_v5\ARM\ARMCC\Bin\..\include\stddef.h")
  #define __ARMCLIB_VERSION 5060044
..\HARDWARE\usartx.c: 1 warning, 0 errors
compiling system.c...
..\MPU6050\I2C.h(25): warning:  #47-D: incompatible redefinition of macro "__ARMCLIB_VERSION"  (declared at line 22 of "D:\Keil_v5\ARM\ARMCC\Bin\..\include\stddef.h")
  #define __ARMCLIB_VERSION 5060044
..\BALANCE\system.c: 1 warning, 0 errors
linking...
Program Size: Code=26344 RO-data=424 RW-data=568 ZI-data=22624  
FromELF: creating hex file...
"..\OBJ\WHEELTEC.axf" - 0 Error(s), 2 Warning(s).

<h2>Collection of Component include folders:</h2>
  D:\File\Project\PolyU\David robotic\Desalination Robot\控制器代码240222\USER\RTE
  C:\Users\31355\AppData\Local\Arm\Packs\Keil\STM32F4xx_DFP\1.0.8\Device\Include

<h2>Collection of Component Files used:</h2>
</pre>
</body>
</html>
