Component: ARM Compiler 5.06 update 6 (build 750) Tool: armlink [4d35ed]

==============================================================================

Section Cross References

    main.o(i.main) refers to system.o(i.systemInit) for systemInit
    main.o(i.main) refers to tasks.o(i.xTaskCreate) for xTaskCreate
    main.o(i.main) refers to tasks.o(i.vTaskStartScheduler) for vTaskStartScheduler
    main.o(i.main) refers to main.o(.data) for .data
    main.o(i.main) refers to main.o(i.start_task) for start_task
    main.o(i.start_task) refers to port.o(i.vPortEnterCritical) for vPortEnterCritical
    main.o(i.start_task) refers to tasks.o(i.xTaskCreate) for xTaskCreate
    main.o(i.start_task) refers to tasks.o(i.vTaskDelete) for vTaskDelete
    main.o(i.start_task) refers to port.o(i.vPortExitCritical) for vPortExitCritical
    main.o(i.start_task) refers to balance.o(i.Balance_task) for Balance_task
    main.o(i.start_task) refers to mpu6050.o(i.MPU6050_task) for MPU6050_task
    main.o(i.start_task) refers to show.o(i.show_task) for show_task
    main.o(i.start_task) refers to led.o(i.led_task) for led_task
    main.o(i.start_task) refers to pstwo.o(i.pstwo_task) for pstwo_task
    main.o(i.start_task) refers to usartx.o(i.data_task) for data_task
    main.o(i.start_task) refers to brush.o(i.brush_task) for brush_task
    main.o(i.start_task) refers to main.o(.data) for .data
    system_stm32f4xx.o(i.SystemCoreClockUpdate) refers to system_stm32f4xx.o(.data) for .data
    system_stm32f4xx.o(i.SystemInit) refers to system_stm32f4xx.o(i.SetSysClock) for SetSysClock
    adc.o(i.Adc_Init) refers to stm32f4xx_rcc.o(i.RCC_AHB1PeriphClockCmd) for RCC_AHB1PeriphClockCmd
    adc.o(i.Adc_Init) refers to stm32f4xx_rcc.o(i.RCC_APB2PeriphClockCmd) for RCC_APB2PeriphClockCmd
    adc.o(i.Adc_Init) refers to stm32f4xx_gpio.o(i.GPIO_Init) for GPIO_Init
    adc.o(i.Adc_Init) refers to stm32f4xx_rcc.o(i.RCC_APB2PeriphResetCmd) for RCC_APB2PeriphResetCmd
    adc.o(i.Adc_Init) refers to stm32f4xx_adc.o(i.ADC_CommonInit) for ADC_CommonInit
    adc.o(i.Adc_Init) refers to stm32f4xx_adc.o(i.ADC_Init) for ADC_Init
    adc.o(i.Adc_Init) refers to stm32f4xx_adc.o(i.ADC_Cmd) for ADC_Cmd
    adc.o(i.Get_Adc) refers to stm32f4xx_adc.o(i.ADC_RegularChannelConfig) for ADC_RegularChannelConfig
    adc.o(i.Get_Adc) refers to stm32f4xx_adc.o(i.ADC_SoftwareStartConv) for ADC_SoftwareStartConv
    adc.o(i.Get_Adc) refers to stm32f4xx_adc.o(i.ADC_GetFlagStatus) for ADC_GetFlagStatus
    adc.o(i.Get_Adc) refers to stm32f4xx_adc.o(i.ADC_GetConversionValue) for ADC_GetConversionValue
    adc.o(i.Get_adc_Average) refers to adc.o(i.Get_Adc) for Get_Adc
    adc.o(i.Get_adc_Average) refers to delay.o(i.delay_ms) for delay_ms
    adc.o(i.Get_battery_volt) refers to adc.o(i.Get_Adc) for Get_Adc
    adc.o(i.Get_battery_volt) refers to dfltui.o(.text) for __aeabi_ui2d
    adc.o(i.Get_battery_volt) refers to dmul.o(.text) for __aeabi_dmul
    adc.o(i.Get_battery_volt) refers to d2f.o(.text) for __aeabi_d2f
    can.o(i.CAN1_Mode_Init) refers to stm32f4xx_rcc.o(i.RCC_AHB1PeriphClockCmd) for RCC_AHB1PeriphClockCmd
    can.o(i.CAN1_Mode_Init) refers to stm32f4xx_rcc.o(i.RCC_APB1PeriphClockCmd) for RCC_APB1PeriphClockCmd
    can.o(i.CAN1_Mode_Init) refers to stm32f4xx_gpio.o(i.GPIO_Init) for GPIO_Init
    can.o(i.CAN1_Mode_Init) refers to stm32f4xx_gpio.o(i.GPIO_PinAFConfig) for GPIO_PinAFConfig
    can.o(i.CAN1_Mode_Init) refers to stm32f4xx_can.o(i.CAN_FilterInit) for CAN_FilterInit
    can.o(i.CAN1_Mode_Init) refers to misc.o(i.NVIC_Init) for NVIC_Init
    can.o(i.CAN1_Mode_Init) refers to stm32f4xx_can.o(i.CAN_ITConfig) for CAN_ITConfig
    can.o(i.CAN1_RX0_IRQHandler) refers to can.o(i.CAN1_Rx_Msg) for CAN1_Rx_Msg
    can.o(i.CAN1_RX0_IRQHandler) refers to balance.o(i.Get_Velocity_Form_Encoder) for Get_Velocity_Form_Encoder
    can.o(i.CAN1_RX0_IRQHandler) refers to system.o(.data) for CAN_ON_Flag
    can.o(i.CAN1_RX0_IRQHandler) refers to system.o(.data) for PS2_ON_Flag
    can.o(i.CAN1_RX0_IRQHandler) refers to system.o(.data) for APP_ON_Flag
    can.o(i.CAN1_RX0_IRQHandler) refers to system.o(.data) for Remote_ON_Flag
    can.o(i.CAN1_RX0_IRQHandler) refers to system.o(.data) for Usart_ON_Flag
    can.o(i.CAN1_RX0_IRQHandler) refers to balance.o(.data) for command_lost_count
    can.o(i.CAN1_RX0_IRQHandler) refers to system.o(.data) for Move_X
    can.o(i.CAN1_RX0_IRQHandler) refers to system.o(.data) for Move_Y
    can.o(i.CAN1_RX0_IRQHandler) refers to system.o(.data) for Move_Z
    can.o(i.CAN1_RX0_IRQHandler) refers to hubdrivercan.o(.data) for BrushlessEnable
    can.o(i.CAN1_RX0_IRQHandler) refers to system.o(.bss) for MOTOR_A
    can.o(i.CAN1_RX0_IRQHandler) refers to system.o(.bss) for MOTOR_B
    can.o(i.CAN1_Receive_Msg) refers to can.o(i.CAN1_Msg_Pend) for CAN1_Msg_Pend
    can.o(i.CAN1_Receive_Msg) refers to can.o(i.CAN1_Rx_Msg) for CAN1_Rx_Msg
    can.o(i.CAN1_Send_Msg) refers to can.o(i.CAN1_Tx_Msg) for CAN1_Tx_Msg
[...]
    Bias                                     0x200001b8   Data           4  balance.o(.data)
    Pwm                                      0x200001bc   Data           4  balance.o(.data)
    Last_bias                                0x200001c0   Data           4  balance.o(.data)
    Bias                                     0x200001c4   Data           4  balance.o(.data)
    Pwm                                      0x200001c8   Data           4  balance.o(.data)
    Last_bias                                0x200001cc   Data           4  balance.o(.data)
    Bias                                     0x200001d0   Data           4  balance.o(.data)
    Pwm                                      0x200001d4   Data           4  balance.o(.data)
    Last_bias                                0x200001d8   Data           4  balance.o(.data)
    Target_LX                                0x200001dc   Data           4  balance.o(.data)
    Target_LY                                0x200001e0   Data           4  balance.o(.data)
    Target_RY                                0x200001e4   Data           4  balance.o(.data)
    .data                                    0x200001e8   Section        1  balance.o(.data)
    .data                                    0x200001ec   Section       20  show.o(.data)
    flag_show                                0x200001ec   Data           1  show.o(.data)
    LowVoltage_1                             0x200001f4   Data           4  show.o(.data)
    LowVoltage_2                             0x200001f8   Data           4  show.o(.data)
    .data                                    0x20000200   Section       12  brush.o(.data)
    .data                                    0x2000020c   Section        4  hubdrivercan.o(.data)
    .data                                    0x20000210   Section       40  mpu6050.o(.data)
    .bss                                     0x20000238   Section        9  pstwo.o(.bss)
    .bss                                     0x20000244   Section      112  usartx.o(.bss)
    .bss                                     0x200002b4   Section       64  queue.o(.bss)
    .bss                                     0x200002f4   Section      740  tasks.o(.bss)
    pxReadyTasksLists                        0x200002f4   Data         640  tasks.o(.bss)
    xDelayedTaskList1                        0x20000574   Data          20  tasks.o(.bss)
    xDelayedTaskList2                        0x20000588   Data          20  tasks.o(.bss)
    xPendingReadyList                        0x2000059c   Data          20  tasks.o(.bss)
    xTasksWaitingTermination                 0x200005b0   Data          20  tasks.o(.bss)
    xSuspendedTaskList                       0x200005c4   Data          20  tasks.o(.bss)
    .bss                                     0x200005d8   Section       40  timers.o(.bss)
    xActiveTimerList1                        0x200005d8   Data          20  timers.o(.bss)
    xActiveTimerList2                        0x200005ec   Data          20  timers.o(.bss)
    .bss                                     0x20000600   Section    20480  heap_4.o(.bss)
    ucHeap                                   0x20000600   Data       20480  heap_4.o(.bss)
    .bss                                     0x20005600   Section       12  system.o(.bss)
    .bss                                     0x2000560c   Section       28  system.o(.bss)
    .bss                                     0x20005628   Section       28  system.o(.bss)
    .bss                                     0x20005644   Section       28  system.o(.bss)
    .bss                                     0x20005660   Section       28  system.o(.bss)
    .bss                                     0x2000567c   Section       24  robot_select_init.o(.bss)
    STACK                                    0x20005698   Section     1024  startup_stm32f40_41xxx.o(STACK)

    Global Symbols

    Symbol Name                              Value     Ov Type        Size  Object(Section)

    BuildAttributes$$THM_ISAv4$E$P$D$K$B$S$7EM$VFPi3$EXTD16$VFPS$VFMA$PE$A:L22UL41UL21$X:L11$S22US41US21$IEEE1$IW$USESV6$~STKCKD$USESV7$~SHL$OTIME$ROPI$EBA8$MICROLIB$REQ8$PRES8$EABIv2 0x00000000   Number         0  anon$$obj.o ABSOLUTE
    __ARM_use_no_argv                        0x00000000   Number         0  main.o ABSOLUTE
    __use_no_errno                           0x00000000   Number         0  useno.o ABSOLUTE
    __use_no_exception_handling              0x00000000   Number         0  useno.o ABSOLUTE
    __use_no_fp                              0x00000000   Number         0  useno.o ABSOLUTE
    __use_no_heap                            0x00000000   Number         0  useno.o ABSOLUTE
    __use_no_heap_region                     0x00000000   Number         0  useno.o ABSOLUTE
    __use_no_semihosting                     0x00000000   Number         0  useno.o ABSOLUTE
    __use_no_semihosting_swi                 0x00000000   Number         0  useno.o ABSOLUTE
    __use_no_signal_handling                 0x00000000   Number         0  useno.o ABSOLUTE
    _printf_a                                0x00000000   Number         0  stubs.o ABSOLUTE
    _printf_c                                0x00000000   Number         0  stubs.o ABSOLUTE
    _printf_charcount                        0x00000000   Number         0  stubs.o ABSOLUTE
    _printf_d                                0x00000000   Number         0  stubs.o ABSOLUTE
    _printf_e                                0x00000000   Number         0  stubs.o ABSOLUTE
    _printf_f                                0x00000000   Number         0  stubs.o ABSOLUTE
    _printf_flags                            0x00000000   Number         0  stubs.o ABSOLUTE
    _printf_fp_dec                           0x00000000   Number         0  stubs.o ABSOLUTE
    _printf_fp_hex                           0x00000000   Number         0  stubs.o ABSOLUTE
    _printf_g                                0x00000000   Number         0  stubs.o ABSOLUTE
    _printf_i                                0x00000000   Number         0  stubs.o ABSOLUTE
    _printf_int_dec                          0x00000000   Number         0  stubs.o ABSOLUTE
    _printf_l                                0x00000000   Number         0  stubs.o ABSOLUTE
    _printf_lc                               0x00000000   Number         0  stubs.o ABSOLUTE
    _printf_ll                               0x00000000   Number         0  stubs.o ABSOLUTE
    _printf_lld                              0x00000000   Number         0  stubs.o ABSOLUTE
    _printf_lli                              0x00000000   Number         0  stubs.o ABSOLUTE
    _printf_llo                              0x00000000   Number         0  stubs.o ABSOLUTE
    _printf_llu                              0x00000000   Number         0  stubs.o ABSOLUTE
    _printf_llx                              0x00000000   Number         0  stubs.o ABSOLUTE
    _printf_longlong_dec                     0x00000000   Number         0  stubs.o ABSOLUTE
    _printf_longlong_hex                     0x00000000   Number         0  stubs.o ABSOLUTE
    _printf_longlong_oct                     0x00000000   Number         0  stubs.o ABSOLUTE
    _printf_ls                               0x00000000   Number         0  stubs.o ABSOLUTE
    _printf_mbtowc                           0x00000000   Number         0  stubs.o ABSOLUTE
    _printf_n                                0x00000000   Number         0  stubs.o ABSOLUTE
    _printf_o                                0x00000000   Number         0  stubs.o ABSOLUTE
    _printf_p                                0x00000000   Number         0  stubs.o ABSOLUTE
    _printf_percent                          0x00000000   Number         0  stubs.o ABSOLUTE
    _printf_pre_padding                      0x00000000   Number         0  stubs.o ABSOLUTE
    _printf_return_value                     0x00000000   Number         0  stubs.o ABSOLUTE
    _printf_s                                0x00000000   Number         0  stubs.o ABSOLUTE
    _printf_sizespec                         0x00000000   Number         0  stubs.o ABSOLUTE
    _printf_str                              0x00000000   Number         0  stubs.o ABSOLUTE
    _printf_truncate_signed                  0x00000000   Number         0  stubs.o ABSOLUTE
    _printf_truncate_unsigned                0x00000000   Number         0  stubs.o ABSOLUTE
    _printf_u                                0x00000000   Number         0  stubs.o ABSOLUTE
    _printf_wc                               0x00000000   Number         0  stubs.o ABSOLUTE
    _printf_wctomb                           0x00000000   Number         0  stubs.o ABSOLUTE
    _printf_widthprec                        0x00000000   Number         0  stubs.o ABSOLUTE
    _printf_x                                0x00000000   Number         0  stubs.o ABSOLUTE
    __cpp_initialize__aeabi_                  - Undefined Weak Reference
    __cxa_finalize                            - Undefined Weak Reference
    _clock_init                               - Undefined Weak Reference
    _microlib_exit                            - Undefined Weak Reference
    __Vectors_Size                           0x00000188   Number         0  startup_stm32f40_41xxx.o ABSOLUTE
    __Vectors                                0x08000000   Data           4  startup_stm32f40_41xxx.o(RESET)
    __Vectors_End                            0x08000188   Data           0  startup_stm32f40_41xxx.o(RESET)
    __main                                   0x08000189   Thumb Code     0  entry.o(.ARM.Collect$$$$00000000)
    _main_stk                                0x08000189   Thumb Code     0  entry2.o(.ARM.Collect$$$$00000001)
    _main_scatterload                        0x0800018d   Thumb Code     0  entry5.o(.ARM.Collect$$$$00000004)
    __main_after_scatterload                 0x08000191   Thumb Code     0  entry5.o(.ARM.Collect$$$$00000004)
    _main_clock                              0x08000191   Thumb Code     0  entry7b.o(.ARM.Collect$$$$00000008)
    _main_cpp_init                           0x08000191   Thumb Code     0  entry8b.o(.ARM.Collect$$$$0000000A)
    _main_init                               0x08000191   Thumb Code     0  entry9a.o(.ARM.Collect$$$$0000000B)
    __rt_final_cpp                           0x08000199   Thumb Code     0  entry10a.o(.ARM.Collect$$$$0000000D)
    __rt_final_exit                          0x08000199   Thumb Code     0  entry11a.o(.ARM.Collect$$$$0000000F)
    SVC_Handler                              0x0800019d   Thumb Code    28  port.o(.emb_text)
    __asm___6_port_c_39a90d8d__prvStartFirstTask 0x080001bd   Thumb Code    28  port.o(.emb_text)
    __asm___6_port_c_39a90d8d__prvEnableVFP  0x080001dd   Thumb Code    16  port.o(.emb_text)
    PendSV_Handler                           0x080001f1   Thumb Code    88  port.o(.emb_text)
    vPortGetIPSR                             0x0800024d   Thumb Code     6  port.o(.emb_text)
    Reset_Handler                            0x08000255   Thumb Code     8  startup_stm32f40_41xxx.o(.text)
    ADC_IRQHandler                           0x0800026f   Thumb Code     0  startup_stm32f40_41xxx.o(.text)
    CAN1_RX1_IRQHandler                      0x0800026f   Thumb Code     0  startup_stm32f40_41xxx.o(.text)
    CAN1_SCE_IRQHandler                      0x0800026f   Thumb Code     0  startup_stm32f40_41xxx.o(.text)
    CAN1_TX_IRQHandler                       0x0800026f   Thumb Code     0  startup_stm32f40_41xxx.o(.text)
    CAN2_RX0_IRQHandler                      0x0800026f   Thumb Code     0  startup_stm32f40_41xxx.o(.text)
    CAN2_RX1_IRQHandler                      0x0800026f   Thumb Code     0  startup_stm32f40_41xxx.o(.text)
    CAN2_SCE_IRQHandler                      0x0800026f   Thumb Code     0  startup_stm32f40_41xxx.o(.text)
    CAN2_TX_IRQHandler                       0x0800026f   Thumb Code     0  startup_stm32f40_41xxx.o(.text)
    CRYP_IRQHandler                          0x0800026f   Thumb Code     0  startup_stm32f40_41xxx.o(.text)
    DCMI_IRQHandler                          0x0800026f   Thumb Code     0  startup_stm32f40_41xxx.o(.text)
    DMA1_Stream0_IRQHandler                  0x0800026f   Thumb Code     0  startup_stm32f40_41xxx.o(.text)
    DMA1_Stream1_IRQHandler                  0x0800026f   Thumb Code     0  startup_stm32f40_41xxx.o(.text)
    DMA1_Stream2_IRQHandler                  0x0800026f   Thumb Code     0  startup_stm32f40_41xxx.o(.text)
    DMA1_Stream3_IRQHandler                  0x0800026f   Thumb Code     0  startup_stm32f40_41xxx.o(.text)
    DMA1_Stream4_IRQHandler                  0x0800026f   Thumb Code     0  startup_stm32f40_41xxx.o(.text)
    DMA1_Stream5_IRQHandler                  0x0800026f   Thumb Code     0  startup_stm32f40_41xxx.o(.text)
    DMA1_Stream6_IRQHandler                  0x0800026f   Thumb Code     0  startup_stm32f40_41xxx.o(.text)
    DMA1_Stream7_IRQHandler                  0x0800026f   Thumb Code     0  startup_stm32f40_41xxx.o(.text)
    DMA2_Stream0_IRQHandler                  0x0800026f   Thumb Code     0  startup_stm32f40_41xxx.o(.text)
    DMA2_Stream1_IRQHandler                  0x0800026f   Thumb Code     0  startup_stm32f40_41xxx.o(.text)
    DMA2_Stream2_IRQHandler                  0x0800026f   Thumb Code     0  startup_stm32f40_41xxx.o(.text)
    DMA2_Stream3_IRQHandler                  0x0800026f   Thumb Code     0  startup_stm32f40_41xxx.o(.text)
    DMA2_Stream4_IRQHandler                  0x0800026f   Thumb Code     0  startup_stm32f40_41xxx.o(.text)
    DMA2_Stream5_IRQHandler                  0x0800026f   Thumb Code     0  startup_stm32f40_41xxx.o(.text)
    DMA2_Stream6_IRQHandler                  0x0800026f   Thumb Code     0  startup_stm32f40_41xxx.o(.text)
    DMA2_Stream7_IRQHandler                  0x0800026f   Thumb Code     0  startup_stm32f40_41xxx.o(.text)
    ETH_IRQHandler                           0x0800026f   Thumb Code     0  startup_stm32f40_41xxx.o(.text)
    ETH_WKUP_IRQHandler                      0x0800026f   Thumb Code     0  startup_stm32f40_41xxx.o(.text)
    EXTI0_IRQHandler                         0x0800026f   Thumb Code     0  startup_stm32f40_41xxx.o(.text)
    EXTI15_10_IRQHandler                     0x0800026f   Thumb Code     0  startup_stm32f40_41xxx.o(.text)
    EXTI1_IRQHandler                         0x0800026f   Thumb Code     0  startup_stm32f40_41xxx.o(.text)
    EXTI2_IRQHandler                         0x0800026f   Thumb Code     0  startup_stm32f40_41xxx.o(.text)
    EXTI3_IRQHandler                         0x0800026f   Thumb Code     0  startup_stm32f40_41xxx.o(.text)
    EXTI4_IRQHandler                         0x0800026f   Thumb Code     0  startup_stm32f40_41xxx.o(.text)
    EXTI9_5_IRQHandler                       0x0800026f   Thumb Code     0  startup_stm32f40_41xxx.o(.text)
    FLASH_IRQHandler                         0x0800026f   Thumb Code     0  startup_stm32f40_41xxx.o(.text)
    FPU_IRQHandler                           0x0800026f   Thumb Code     0  startup_stm32f40_41xxx.o(.text)
    FSMC_IRQHandler                          0x0800026f   Thumb Code     0  startup_stm32f40_41xxx.o(.text)
    HASH_RNG_IRQHandler                      0x0800026f   Thumb Code     0  startup_stm32f40_41xxx.o(.text)
    I2C1_ER_IRQHandler                       0x0800026f   Thumb Code     0  startup_stm32f40_41xxx.o(.text)
    I2C1_EV_IRQHandler                       0x0800026f   Thumb Code     0  startup_stm32f40_41xxx.o(.text)
    I2C2_ER_IRQHandler                       0x0800026f   Thumb Code     0  startup_stm32f40_41xxx.o(.text)
    I2C2_EV_IRQHandler                       0x0800026f   Thumb Code     0  startup_stm32f40_41xxx.o(.text)
    I2C3_ER_IRQHandler                       0x0800026f   Thumb Code     0  startup_stm32f40_41xxx.o(.text)
    I2C3_EV_IRQHandler                       0x0800026f   Thumb Code     0  startup_stm32f40_41xxx.o(.text)
    OTG_FS_IRQHandler                        0x0800026f   Thumb Code     0  startup_stm32f40_41xxx.o(.text)
    OTG_FS_WKUP_IRQHandler                   0x0800026f   Thumb Code     0  startup_stm32f40_41xxx.o(.text)
    OTG_HS_EP1_IN_IRQHandler                 0x0800026f   Thumb Code     0  startup_stm32f40_41xxx.o(.text)
    OTG_HS_EP1_OUT_IRQHandler                0x0800026f   Thumb Code     0  startup_stm32f40_41xxx.o(.text)
    OTG_HS_IRQHandler                        0x0800026f   Thumb Code     0  startup_stm32f40_41xxx.o(.text)
    OTG_HS_WKUP_IRQHandler                   0x0800026f   Thumb Code     0  startup_stm32f40_41xxx.o(.text)
    PVD_IRQHandler                           0x0800026f   Thumb Code     0  startup_stm32f40_41xxx.o(.text)
    RCC_IRQHandler                           0x0800026f   Thumb Code     0  startup_stm32f40_41xxx.o(.text)
    RTC_Alarm_IRQHandler                     0x0800026f   Thumb Code     0  startup_stm32f40_41xxx.o(.text)
    RTC_WKUP_IRQHandler                      0x0800026f   Thumb Code     0  startup_stm32f40_41xxx.o(.text)
    SDIO_IRQHandler                          0x0800026f   Thumb Code     0  startup_stm32f40_41xxx.o(.text)
    SPI1_IRQHandler                          0x0800026f   Thumb Code     0  startup_stm32f40_41xxx.o(.text)
    SPI2_IRQHandler                          0x0800026f   Thumb Code     0  startup_stm32f40_41xxx.o(.text)
    SPI3_IRQHandler                          0x0800026f   Thumb Code     0  startup_stm32f40_41xxx.o(.text)
    TAMP_STAMP_IRQHandler                    0x0800026f   Thumb Code     0  startup_stm32f40_41xxx.o(.text)
    TIM1_BRK_TIM9_IRQHandler                 0x0800026f   Thumb Code     0  startup_stm32f40_41xxx.o(.text)
    TIM1_TRG_COM_TIM11_IRQHandler            0x0800026f   Thumb Code     0  startup_stm32f40_41xxx.o(.text)
    TIM6_DAC_IRQHandler                      0x0800026f   Thumb Code     0  startup_stm32f40_41xxx.o(.text)
    TIM7_IRQHandler                          0x0800026f   Thumb Code     0  startup_stm32f40_41xxx.o(.text)
    TIM8_BRK_TIM12_IRQHandler                0x0800026f   Thumb Code     0  startup_stm32f40_41xxx.o(.text)
    TIM8_CC_IRQHandler                       0x0800026f   Thumb Code     0  startup_stm32f40_41xxx.o(.text)
    TIM8_TRG_COM_TIM14_IRQHandler            0x0800026f   Thumb Code     0  startup_stm32f40_41xxx.o(.text)
    TIM8_UP_TIM13_IRQHandler                 0x0800026f   Thumb Code     0  startup_stm32f40_41xxx.o(.text)
    UART5_IRQHandler                         0x0800026f   Thumb Code     0  startup_stm32f40_41xxx.o(.text)
    USART6_IRQHandler                        0x0800026f   Thumb Code     0  startup_stm32f40_41xxx.o(.text)
    WWDG_IRQHandler                          0x0800026f   Thumb Code     0  startup_stm32f40_41xxx.o(.text)
    __aeabi_memcpy                           0x08000279   Thumb Code    36  memcpya.o(.text)
    __aeabi_memcpy4                          0x08000279   Thumb Code     0  memcpya.o(.text)
    __aeabi_memcpy8                          0x08000279   Thumb Code     0  memcpya.o(.text)
    __aeabi_memset                           0x0800029d   Thumb Code    14  memseta.o(.text)
    __aeabi_memset4                          0x0800029d   Thumb Code     0  memseta.o(.text)
    __aeabi_memset8                          0x0800029d   Thumb Code     0  memseta.o(.text)
    __aeabi_memclr                           0x080002ab   Thumb Code     4  memseta.o(.text)
    __aeabi_memclr4                          0x080002ab   Thumb Code     0  memseta.o(.text)
    __aeabi_memclr8                          0x080002ab   Thumb Code     0  memseta.o(.text)
    _memset$wrapper                          0x080002af   Thumb Code    18  memseta.o(.text)
    __aeabi_dadd                             0x080002c1   Thumb Code   322  dadd.o(.text)
    __aeabi_dsub                             0x08000403   Thumb Code     6  dadd.o(.text)
    __aeabi_drsub                            0x08000409   Thumb Code     6  dadd.o(.text)
    __aeabi_dmul                             0x0800040f   Thumb Code   228  dmul.o(.text)
    __aeabi_i2d                              0x080004f3   Thumb Code    34  dflti.o(.text)
    __aeabi_ui2d                             0x08000515   Thumb Code    26  dfltui.o(.text)
    __aeabi_d2f                              0x0800052f   Thumb Code    56  d2f.o(.text)
    __aeabi_uidiv                            0x08000567   Thumb Code     0  uidiv.o(.text)
    __aeabi_uidivmod                         0x08000567   Thumb Code    44  uidiv.o(.text)
    __aeabi_llsl                             0x08000593   Thumb Code    30  llshl.o(.text)
    _ll_shift_l                              0x08000593   Thumb Code     0  llshl.o(.text)
    __aeabi_lasr                             0x080005b1   Thumb Code    36  llsshr.o(.text)
    _ll_sshift_r                             0x080005b1   Thumb Code     0  llsshr.o(.text)
    __I$use$fp                               0x080005d5   Thumb Code     0  iusefp.o(.text)
    _float_round                             0x080005d5   Thumb Code    18  fepilogue.o(.text)
    _float_epilogue                          0x080005e7   Thumb Code    92  fepilogue.o(.text)
    _double_round                            0x08000643   Thumb Code    30  depilogue.o(.text)
    _double_epilogue                         0x08000661   Thumb Code   156  depilogue.o(.text)
    __scatterload                            0x080006fd   Thumb Code    28  init.o(.text)
    __scatterload_rt2                        0x080006fd   Thumb Code     0  init.o(.text)
    __aeabi_llsr                             0x08000721   Thumb Code    32  llushr.o(.text)
    _ll_ushift_r                             0x08000721   Thumb Code     0  llushr.o(.text)
    __decompress                             0x08000741   Thumb Code     0  __dczerorl2.o(.text)
    __decompress1                            0x08000741   Thumb Code    86  __dczerorl2.o(.text)
    ADC_Cmd                                  0x08000797   Thumb Code    20  stm32f4xx_adc.o(i.ADC_Cmd)
    ADC_CommonInit                           0x080007ad   Thumb Code    34  stm32f4xx_adc.o(i.ADC_CommonInit)
    ADC_GetConversionValue                   0x080007d9   Thumb Code     6  stm32f4xx_adc.o(i.ADC_GetConversionValue)
    ADC_GetFlagStatus                        0x080007df   Thumb Code    14  stm32f4xx_adc.o(i.ADC_GetFlagStatus)
    ADC_Init                                 0x080007ed   Thumb Code    66  stm32f4xx_adc.o(i.ADC_Init)
    ADC_RegularChannelConfig                 0x08000839   Thumb Code   116  stm32f4xx_adc.o(i.ADC_RegularChannelConfig)
    ADC_SoftwareStartConv                    0x080008ad   Thumb Code    10  stm32f4xx_adc.o(i.ADC_SoftwareStartConv)
    Adc_Init                                 0x080008b9   Thumb Code   146  adc.o(i.Adc_Init)
    Balance_task                             0x08000959   Thumb Code   432  balance.o(i.Balance_task)
    Brush_Init                               0x08000b45   Thumb Code    62  brush.o(i.Brush_Init)
    Brush_work                               0x08000b89   Thumb Code    64  brush.o(i.Brush_work)
    BusFault_Handler                         0x08000bcd   Thumb Code     2  stm32f4xx_it.o(i.BusFault_Handler)
    Buzzer_Init                              0x08000bd1   Thumb Code    48  led.o(i.Buzzer_Init)
    CAN1_Mode_Init                           0x08000c05   Thumb Code   380  can.o(i.CAN1_Mode_Init)
    CAN1_RX0_IRQHandler                      0x08000d89   Thumb Code   222  can.o(i.CAN1_RX0_IRQHandler)
    CAN1_Rx_Msg                              0x08000e9d   Thumb Code   140  can.o(i.CAN1_Rx_Msg)
    CAN_FilterInit                           0x08000f31   Thumb Code   194  stm32f4xx_can.o(i.CAN_FilterInit)
    CAN_ITConfig                             0x08000ffd   Thumb Code    16  stm32f4xx_can.o(i.CAN_ITConfig)
    Check_Sum                                0x0800100d   Thumb Code    52  usartx.o(i.Check_Sum)
    DebugMon_Handler                         0x08001045   Thumb Code     2  stm32f4xx_it.o(i.DebugMon_Handler)
    Drive_Motor                              0x08001049   Thumb Code   176  balance.o(i.Drive_Motor)
    Enable_Pin                               0x08001119   Thumb Code    42  motor.o(i.Enable_Pin)
    Encoder_Init_TIM2                        0x08001149   Thumb Code   212  encoder.o(i.Encoder_Init_TIM2)
    Encoder_Init_TIM3                        0x08001225   Thumb Code   180  encoder.o(i.Encoder_Init_TIM3)
    Encoder_Init_TIM4                        0x080012e1   Thumb Code   180  encoder.o(i.Encoder_Init_TIM4)
    Encoder_Init_TIM5                        0x0800139d   Thumb Code   178  encoder.o(i.Encoder_Init_TIM5)
    GPIO_Init                                0x08001459   Thumb Code   120  stm32f4xx_gpio.o(i.GPIO_Init)
    GPIO_PinAFConfig                         0x080014d1   Thumb Code    32  stm32f4xx_gpio.o(i.GPIO_PinAFConfig)
    GPIO_ResetBits                           0x080014f1   Thumb Code     4  stm32f4xx_gpio.o(i.GPIO_ResetBits)
    GPIO_SetBits                             0x080014f5   Thumb Code     4  stm32f4xx_gpio.o(i.GPIO_SetBits)
    Get_Adc                                  0x080014f9   Thumb Code    44  adc.o(i.Get_Adc)
    Get_RC                                   0x08001529   Thumb Code   220  balance.o(i.Get_RC)
    Get_Velocity_Form_Encoder                0x0800163d   Thumb Code   160  balance.o(i.Get_Velocity_Form_Encoder)
    Get_adc_Average                          0x080016f9   Thumb Code    46  adc.o(i.Get_adc_Average)
    Get_battery_volt                         0x08001729   Thumb Code    58  adc.o(i.Get_battery_volt)
    HardFault_Handler                        0x0800177d   Thumb Code     2  stm32f4xx_it.o(i.HardFault_Handler)
    I2C_Ack                                  0x08001781   Thumb Code    54  i2c.o(i.I2C_Ack)
    I2C_GPIOInit                             0x080017c1   Thumb Code    58  i2c.o(i.I2C_GPIOInit)
    I2C_NAck                                 0x08001805   Thumb Code    56  i2c.o(i.I2C_NAck)
    I2C_ReadByte                             0x08001845   Thumb Code   102  i2c.o(i.I2C_ReadByte)
    I2C_ReadOneByte                          0x080018b5   Thumb Code    62  i2c.o(i.I2C_ReadOneByte)
    I2C_Start                                0x080018f5   Thumb Code    70  i2c.o(i.I2C_Start)
    I2C_Stop                                 0x08001945   Thumb Code    56  i2c.o(i.I2C_Stop)
    I2C_WaiteForAck                          0x08001985   Thumb Code    76  i2c.o(i.I2C_WaiteForAck)
    I2C_WriteBits                            0x080019d9   Thumb Code    74  i2c.o(i.I2C_WriteBits)
    I2C_WriteByte                            0x08001a25   Thumb Code    86  i2c.o(i.I2C_WriteByte)
    I2C_WriteOneByte                         0x08001a85   Thumb Code    50  i2c.o(i.I2C_WriteOneByte)
    Incremental_PI_A                         0x08001ab9   Thumb Code    96  balance.o(i.Incremental_PI_A)
    Incremental_PI_B                         0x08001b35   Thumb Code    96  balance.o(i.Incremental_PI_B)
    Incremental_PI_C                         0x08001bb1   Thumb Code    96  balance.o(i.Incremental_PI_C)
    Incremental_PI_D                         0x08001c2d   Thumb Code    96  balance.o(i.Incremental_PI_D)
    KEY_Init                                 0x08001ca9   Thumb Code    42  key.o(i.KEY_Init)
    Key                                      0x08001cd9   Thumb Code    24  balance.o(i.Key)
    LED_Init                                 0x08001cf9   Thumb Code    80  led.o(i.LED_Init)
    MPU6050_Set_LPF                          0x08001d4d   Thumb Code    50  mpu6050.o(i.MPU6050_Set_LPF)
    MPU6050_Set_Rate                         0x08001d7f   Thumb Code    48  mpu6050.o(i.MPU6050_Set_Rate)
    MPU6050_initialize                       0x08001daf   Thumb Code   132  mpu6050.o(i.MPU6050_initialize)
    MPU6050_setFullScaleAccelRange           0x08001e33   Thumb Code    18  mpu6050.o(i.MPU6050_setFullScaleAccelRange)
    MPU6050_setFullScaleGyroRange            0x08001e45   Thumb Code    18  mpu6050.o(i.MPU6050_setFullScaleGyroRange)
    MPU6050_task                             0x08001e59   Thumb Code    60  mpu6050.o(i.MPU6050_task)
    MPU_Get_Accelscope                       0x08001e99   Thumb Code   130  mpu6050.o(i.MPU_Get_Accelscope)
    MPU_Get_Gyroscope                        0x08001f21   Thumb Code   160  mpu6050.o(i.MPU_Get_Gyroscope)
    MemManage_Handler                        0x08001fcd   Thumb Code     2  stm32f4xx_it.o(i.MemManage_Handler)
    MiniBalance_Motor_Init                   0x08001fd1   Thumb Code   180  motor.o(i.MiniBalance_Motor_Init)
    MiniBalance_PWM_Init                     0x08002095   Thumb Code   256  motor.o(i.MiniBalance_PWM_Init)
    Motion_analysis_transformation           0x0800219d   Thumb Code   130  usartx.o(i.Motion_analysis_transformation)
    NMI_Handler                              0x08002235   Thumb Code     2  stm32f4xx_it.o(i.NMI_Handler)
    NVIC_Init                                0x08002239   Thumb Code    96  misc.o(i.NVIC_Init)
    NVIC_PriorityGroupConfig                 0x0800229d   Thumb Code    10  misc.o(i.NVIC_PriorityGroupConfig)
    PS2_ClearData                            0x080022b1   Thumb Code    18  pstwo.o(i.PS2_ClearData)
    PS2_Cmd                                  0x080022c9   Thumb Code   142  pstwo.o(i.PS2_Cmd)
    PS2_DataKey                              0x08002361   Thumb Code    56  pstwo.o(i.PS2_DataKey)
    PS2_EnterConfing                         0x080023a1   Thumb Code    88  pstwo.o(i.PS2_EnterConfing)
    PS2_ExitConfing                          0x080023fd   Thumb Code    88  pstwo.o(i.PS2_ExitConfing)
    PS2_Init                                 0x08002459   Thumb Code    66  pstwo.o(i.PS2_Init)
    PS2_Read                                 0x080024a1   Thumb Code   164  pstwo.o(i.PS2_Read)
    PS2_ReadData                             0x0800257d   Thumb Code   156  pstwo.o(i.PS2_ReadData)
    PS2_SetInit                              0x08002625   Thumb Code    30  pstwo.o(i.PS2_SetInit)
    PS2_ShortPoll                            0x08002645   Thumb Code    64  pstwo.o(i.PS2_ShortPoll)
    PS2_TurnOnAnalogMode                     0x08002689   Thumb Code    82  pstwo.o(i.PS2_TurnOnAnalogMode)
    PS2_control                              0x080026e1   Thumb Code   318  balance.o(i.PS2_control)
    RCC_AHB1PeriphClockCmd                   0x08002865   Thumb Code    18  stm32f4xx_rcc.o(i.RCC_AHB1PeriphClockCmd)
    RCC_APB1PeriphClockCmd                   0x0800287d   Thumb Code    18  stm32f4xx_rcc.o(i.RCC_APB1PeriphClockCmd)
    RCC_APB2PeriphClockCmd                   0x08002895   Thumb Code    18  stm32f4xx_rcc.o(i.RCC_APB2PeriphClockCmd)
    RCC_APB2PeriphResetCmd                   0x080028ad   Thumb Code    18  stm32f4xx_rcc.o(i.RCC_APB2PeriphResetCmd)
    RCC_GetClocksFreq                        0x080028c5   Thumb Code   132  stm32f4xx_rcc.o(i.RCC_GetClocksFreq)
    Read_Encoder                             0x08002955   Thumb Code    52  encoder.o(i.Read_Encoder)
    Remote_Control                           0x08002995   Thumb Code   368  balance.o(i.Remote_Control)
    Robot_Init                               0x08002b3d   Thumb Code    60  robot_select_init.o(i.Robot_Init)
    Robot_Select                             0x08002b91   Thumb Code   432  robot_select_init.o(i.Robot_Select)
    Set_Pwm                                  0x08002e35   Thumb Code   204  balance.o(i.Set_Pwm)
    Smooth_control                           0x08002f19   Thumb Code   196  balance.o(i.Smooth_control)
    SysTick_CLKSourceConfig                  0x08002ff1   Thumb Code    24  misc.o(i.SysTick_CLKSourceConfig)
    SysTick_Handler                          0x08003009   Thumb Code    20  delay.o(i.SysTick_Handler)
    SystemInit                               0x0800301d   Thumb Code    74  system_stm32f4xx.o(i.SystemInit)
    TIM1_CC_IRQHandler                       0x080030dd   Thumb Code   572  timer.o(i.TIM1_CC_IRQHandler)
    TIM1_Cap_Init                            0x08003339   Thumb Code   302  timer.o(i.TIM1_Cap_Init)
    TIM1_UP_TIM10_IRQHandler                 0x08003471   Thumb Code    12  timer.o(i.TIM1_UP_TIM10_IRQHandler)
    TIM2_IRQHandler                          0x08003481   Thumb Code    16  encoder.o(i.TIM2_IRQHandler)
    TIM3_IRQHandler                          0x08003491   Thumb Code    14  encoder.o(i.TIM3_IRQHandler)
    TIM4_IRQHandler                          0x080034a5   Thumb Code    14  encoder.o(i.TIM4_IRQHandler)
    TIM5_IRQHandler                          0x080034b9   Thumb Code    14  encoder.o(i.TIM5_IRQHandler)
    TIM_ARRPreloadConfig                     0x080034cd   Thumb Code    20  stm32f4xx_tim.o(i.TIM_ARRPreloadConfig)
    TIM_ClearFlag                            0x080034e1   Thumb Code     6  stm32f4xx_tim.o(i.TIM_ClearFlag)
    TIM_ClearITPendingBit                    0x080034e7   Thumb Code     6  stm32f4xx_tim.o(i.TIM_ClearITPendingBit)
    TIM_Cmd                                  0x080034ed   Thumb Code    20  stm32f4xx_tim.o(i.TIM_Cmd)
    TIM_CtrlPWMOutputs                       0x08003501   Thumb Code    22  stm32f4xx_tim.o(i.TIM_CtrlPWMOutputs)
    TIM_EncoderInterfaceConfig               0x08003517   Thumb Code    50  stm32f4xx_tim.o(i.TIM_EncoderInterfaceConfig)
    TIM_GetCapture1                          0x08003549   Thumb Code     4  stm32f4xx_tim.o(i.TIM_GetCapture1)
    TIM_GetCapture2                          0x0800354d   Thumb Code     4  stm32f4xx_tim.o(i.TIM_GetCapture2)
    TIM_GetCapture3                          0x08003551   Thumb Code     4  stm32f4xx_tim.o(i.TIM_GetCapture3)
    TIM_GetCapture4                          0x08003555   Thumb Code     4  stm32f4xx_tim.o(i.TIM_GetCapture4)
    TIM_GetITStatus                          0x08003559   Thumb Code    24  stm32f4xx_tim.o(i.TIM_GetITStatus)
    TIM_ICInit                               0x08003571   Thumb Code   172  stm32f4xx_tim.o(i.TIM_ICInit)
    TIM_ICStructInit                         0x0800361d   Thumb Code    16  stm32f4xx_tim.o(i.TIM_ICStructInit)
    TIM_ITConfig                             0x0800362d   Thumb Code    16  stm32f4xx_tim.o(i.TIM_ITConfig)
    TIM_OC1Init                              0x0800363d   Thumb Code    88  stm32f4xx_tim.o(i.TIM_OC1Init)
    TIM_OC1PolarityConfig                    0x0800369d   Thumb Code    12  stm32f4xx_tim.o(i.TIM_OC1PolarityConfig)
    TIM_OC1PreloadConfig                     0x080036a9   Thumb Code    12  stm32f4xx_tim.o(i.TIM_OC1PreloadConfig)
    TIM_OC2Init                              0x080036b5   Thumb Code   120  stm32f4xx_tim.o(i.TIM_OC2Init)
    TIM_OC2PolarityConfig                    0x08003735   Thumb Code    20  stm32f4xx_tim.o(i.TIM_OC2PolarityConfig)
    TIM_OC2PreloadConfig                     0x08003749   Thumb Code    20  stm32f4xx_tim.o(i.TIM_OC2PreloadConfig)
    TIM_OC3Init                              0x0800375d   Thumb Code   116  stm32f4xx_tim.o(i.TIM_OC3Init)
    TIM_OC3PolarityConfig                    0x080037d9   Thumb Code    20  stm32f4xx_tim.o(i.TIM_OC3PolarityConfig)
    TIM_OC3PreloadConfig                     0x080037ed   Thumb Code    12  stm32f4xx_tim.o(i.TIM_OC3PreloadConfig)
    TIM_OC4Init                              0x080037f9   Thumb Code    88  stm32f4xx_tim.o(i.TIM_OC4Init)
    TIM_OC4PolarityConfig                    0x08003859   Thumb Code    20  stm32f4xx_tim.o(i.TIM_OC4PolarityConfig)
    TIM_OC4PreloadConfig                     0x0800386d   Thumb Code    20  stm32f4xx_tim.o(i.TIM_OC4PreloadConfig)
    TIM_SetCompare1                          0x08003881   Thumb Code     4  stm32f4xx_tim.o(i.TIM_SetCompare1)
    TIM_SetCompare2                          0x08003885   Thumb Code     4  stm32f4xx_tim.o(i.TIM_SetCompare2)
    TIM_SetCompare3                          0x08003889   Thumb Code     4  stm32f4xx_tim.o(i.TIM_SetCompare3)
    TIM_SetCompare4                          0x0800388d   Thumb Code     4  stm32f4xx_tim.o(i.TIM_SetCompare4)
    TIM_SetCounter                           0x08003891   Thumb Code     4  stm32f4xx_tim.o(i.TIM_SetCounter)
    TIM_SetIC1Prescaler                      0x08003895   Thumb Code    16  stm32f4xx_tim.o(i.TIM_SetIC1Prescaler)
    TIM_SetIC2Prescaler                      0x080038a5   Thumb Code    24  stm32f4xx_tim.o(i.TIM_SetIC2Prescaler)
    TIM_SetIC3Prescaler                      0x080038bd   Thumb Code    16  stm32f4xx_tim.o(i.TIM_SetIC3Prescaler)
    TIM_SetIC4Prescaler                      0x080038cd   Thumb Code    24  stm32f4xx_tim.o(i.TIM_SetIC4Prescaler)
    TIM_TimeBaseInit                         0x080038e5   Thumb Code    96  stm32f4xx_tim.o(i.TIM_TimeBaseInit)
    TIM_TimeBaseStructInit                   0x08003961   Thumb Code    18  stm32f4xx_tim.o(i.TIM_TimeBaseStructInit)
    Turn_Off                                 0x08003975   Thumb Code    86  balance.o(i.Turn_Off)
    UART4_IRQHandler                         0x080039e9   Thumb Code   190  usartx.o(i.UART4_IRQHandler)
    USART1_IRQHandler                        0x08003ae9   Thumb Code   164  usartx.o(i.USART1_IRQHandler)
    USART1_SEND                              0x08003bc1   Thumb Code    22  usartx.o(i.USART1_SEND)
    USART2_IRQHandler                        0x08003bdd   Thumb Code   174  usartx.o(i.USART2_IRQHandler)
    USART2_SEND                              0x08003cc5   Thumb Code    22  usartx.o(i.USART2_SEND)
    USART3_IRQHandler                        0x08003ce1   Thumb Code   174  usartx.o(i.USART3_IRQHandler)
    USART3_SEND                              0x08003dc9   Thumb Code    22  usartx.o(i.USART3_SEND)
    USART4_SEND                              0x08003de5   Thumb Code    22  usartx.o(i.USART4_SEND)
    USART_Cmd                                0x08003e01   Thumb Code    20  stm32f4xx_usart.o(i.USART_Cmd)
    USART_GetITStatus                        0x08003e15   Thumb Code    62  stm32f4xx_usart.o(i.USART_GetITStatus)
    USART_ITConfig                           0x08003e53   Thumb Code    48  stm32f4xx_usart.o(i.USART_ITConfig)
    USART_Init                               0x08003e85   Thumb Code   164  stm32f4xx_usart.o(i.USART_Init)
    USART_ReceiveData                        0x08003f31   Thumb Code     8  stm32f4xx_usart.o(i.USART_ReceiveData)
    UsageFault_Handler                       0x08003f39   Thumb Code     2  stm32f4xx_it.o(i.UsageFault_Handler)
    XYZ_Target_Speed_transition              0x08003f3d   Thumb Code    74  usartx.o(i.XYZ_Target_Speed_transition)
    __0printf$3                              0x08003f91   Thumb Code    22  printf3.o(i.__0printf$3)
    __1printf$3                              0x08003f91   Thumb Code     0  printf3.o(i.__0printf$3)
    __2printf                                0x08003f91   Thumb Code     0  printf3.o(i.__0printf$3)
    __scatterload_copy                       0x08003fb1   Thumb Code    14  handlers.o(i.__scatterload_copy)
    __scatterload_null                       0x08003fbf   Thumb Code     2  handlers.o(i.__scatterload_null)
    __scatterload_zeroinit                   0x08003fc1   Thumb Code    14  handlers.o(i.__scatterload_zeroinit)
    brush_task                               0x08004189   Thumb Code    54  brush.o(i.brush_task)
    click                                    0x080041c9   Thumb Code    40  key.o(i.click)
    data_task                                0x080041f9   Thumb Code    42  usartx.o(i.data_task)
    data_transition                          0x08004225   Thumb Code   260  usartx.o(i.data_transition)
    delay_init                               0x08004355   Thumb Code    50  delay.o(i.delay_init)
    delay_ms                                 0x0800438d   Thumb Code    52  delay.o(i.delay_ms)
    delay_us                                 0x080043c5   Thumb Code    48  delay.o(i.delay_us)
    fputc                                    0x080043f9   Thumb Code    14  usart.o(i.fputc)
    getSysTickCnt                            0x0800440d   Thumb Code    24  delay.o(i.getSysTickCnt)
    led_task                                 0x08004429   Thumb Code    22  led.o(i.led_task)
    main                                     0x08004449   Thumb Code    34  main.o(i.main)
    myabs                                    0x08004481   Thumb Code     8  balance.o(i.myabs)
    pidForward                               0x08004489   Thumb Code    46  brush.o(i.pidForward)
    pstwo_task                               0x08004d29   Thumb Code    22  pstwo.o(i.pstwo_task)
    pvPortMalloc                             0x08004d41   Thumb Code   214  heap_4.o(i.pvPortMalloc)
    pvTaskIncrementMutexHeldCount            0x08004e55   Thumb Code    18  tasks.o(i.pvTaskIncrementMutexHeldCount)
    pxPortInitialiseStack                    0x08004e6d   Thumb Code    40  port.o(i.pxPortInitialiseStack)
    robot_mode_check                         0x08004e99   Thumb Code   130  balance.o(i.robot_mode_check)
    show_task                                0x08004f39   Thumb Code   178  show.o(i.show_task)
    start_task                               0x08005009   Thumb Code   148  main.o(i.start_task)
    systemInit                               0x08005119   Thumb Code   158  system.o(i.systemInit)
    target_limit_float                       0x080051b7   Thumb Code    32  balance.o(i.target_limit_float)
    target_limit_int                         0x080051d7   Thumb Code    16  balance.o(i.target_limit_int)
    uart1_init                               0x080051e9   Thumb Code   162  usartx.o(i.uart1_init)
    uart2_init                               0x08005295   Thumb Code   166  usartx.o(i.uart2_init)
    uart3_init                               0x08005345   Thumb Code   168  usartx.o(i.uart3_init)
    uart4_init                               0x080053f5   Thumb Code   162  usartx.o(i.uart4_init)
    usart1_send                              0x080054a1   Thumb Code    12  usartx.o(i.usart1_send)
    usart2_send                              0x080054b1   Thumb Code    14  usartx.o(i.usart2_send)
    usart3_send                              0x080054c5   Thumb Code    14  usartx.o(i.usart3_send)
    usart4_send                              0x080054d9   Thumb Code    14  usartx.o(i.usart4_send)
    uxListRemove                             0x080054ed   Thumb Code    36  list.o(i.uxListRemove)
    vListInitialise                          0x08005511   Thumb Code    22  list.o(i.vListInitialise)
    vListInitialiseItem                      0x08005527   Thumb Code     6  list.o(i.vListInitialiseItem)
    vListInsert                              0x0800552d   Thumb Code    48  list.o(i.vListInsert)
    vListInsertEnd                           0x0800555d   Thumb Code    24  list.o(i.vListInsertEnd)
    vPortEnterCritical                       0x08005575   Thumb Code    50  port.o(i.vPortEnterCritical)
    vPortExitCritical                        0x080055ed   Thumb Code    34  port.o(i.vPortExitCritical)
    vPortFree                                0x08005651   Thumb Code    94  heap_4.o(i.vPortFree)
    vPortSetupTimerInterrupt                 0x080056ed   Thumb Code    26  port.o(i.vPortSetupTimerInterrupt)
    vPortValidateInterruptPriority           0x0800570d   Thumb Code    70  port.o(i.vPortValidateInterruptPriority)
    vQueueAddToRegistry                      0x08005799   Thumb Code    32  queue.o(i.vQueueAddToRegistry)
    vQueueWaitForMessageRestricted           0x080057bd   Thumb Code    68  queue.o(i.vQueueWaitForMessageRestricted)
    vTaskDelay                               0x08005801   Thumb Code    62  tasks.o(i.vTaskDelay)
    vTaskDelayUntil                          0x0800586d   Thumb Code   128  tasks.o(i.vTaskDelayUntil)
    vTaskDelete                              0x08005919   Thumb Code   152  tasks.o(i.vTaskDelete)
    vTaskMissedYield                         0x080059e5   Thumb Code     8  tasks.o(i.vTaskMissedYield)
    vTaskPlaceOnEventList                    0x080059f1   Thumb Code    44  tasks.o(i.vTaskPlaceOnEventList)
    vTaskPlaceOnEventListRestricted          0x08005a45   Thumb Code    52  tasks.o(i.vTaskPlaceOnEventListRestricted)
    vTaskPriorityInherit                     0x08005aa1   Thumb Code   124  tasks.o(i.vTaskPriorityInherit)
    vTaskSetTimeOutState                     0x08005b25   Thumb Code    30  tasks.o(i.vTaskSetTimeOutState)
    vTaskStartScheduler                      0x08005b6d   Thumb Code    96  tasks.o(i.vTaskStartScheduler)
    vTaskSuspendAll                          0x08005c01   Thumb Code    10  tasks.o(i.vTaskSuspendAll)
    vTaskSwitchContext                       0x08005c11   Thumb Code    80  tasks.o(i.vTaskSwitchContext)
    xPortStartScheduler                      0x08005c8d   Thumb Code   196  port.o(i.xPortStartScheduler)
    xPortSysTickHandler                      0x08005da1   Thumb Code    38  port.o(i.xPortSysTickHandler)
    xQueueGenericCreate                      0x08005dcd   Thumb Code    82  queue.o(i.xQueueGenericCreate)
    xQueueGenericReceive                     0x08005e45   Thumb Code   348  queue.o(i.xQueueGenericReceive)
    xQueueGenericReset                       0x08005fc9   Thumb Code   128  queue.o(i.xQueueGenericReset)
    xQueueGenericSend                        0x08006071   Thumb Code   350  queue.o(i.xQueueGenericSend)
    xQueueGenericSendFromISR                 0x080061f9   Thumb Code   188  queue.o(i.xQueueGenericSendFromISR)
    xTaskCheckForTimeOut                     0x080062d9   Thumb Code    94  tasks.o(i.xTaskCheckForTimeOut)
    xTaskCreate                              0x08006361   Thumb Code    86  tasks.o(i.xTaskCreate)
    xTaskGetSchedulerState                   0x080063b9   Thumb Code    22  tasks.o(i.xTaskGetSchedulerState)
    xTaskGetTickCount                        0x080063d5   Thumb Code     6  tasks.o(i.xTaskGetTickCount)
    xTaskIncrementTick                       0x080063e1   Thumb Code   188  tasks.o(i.xTaskIncrementTick)
    xTaskPriorityDisinherit                  0x080064c9   Thumb Code   136  tasks.o(i.xTaskPriorityDisinherit)
    xTaskRemoveFromEventList                 0x0800657d   Thumb Code   102  tasks.o(i.xTaskRemoveFromEventList)
    xTaskResumeAll                           0x08006615   Thumb Code   180  tasks.o(i.xTaskResumeAll)
    xTimerCreate                             0x080066f9   Thumb Code    74  timers.o(i.xTimerCreate)
    xTimerCreateTimerTask                    0x0800676d   Thumb Code    58  timers.o(i.xTimerCreateTimerTask)
    xTimerGenericCommand                     0x080067e1   Thumb Code    98  timers.o(i.xTimerGenericCommand)
    Region$$Table$$Base                      0x08006870   Number         0  anon$$obj.o(Region$$Table)
    Region$$Table$$Limit                     0x08006890   Number         0  anon$$obj.o(Region$$Table)
    StartTask_Handler                        0x20000000   Data           4  main.o(.data)
    SystemCoreClock                          0x20000004   Data           4  system_stm32f4xx.o(.data)
    AHBPrescTable                            0x20000008   Data          16  system_stm32f4xx.o(.data)
    Voltage                                  0x20000018   Data           4  adc.o(.data)
    Voltage_All                              0x2000001c   Data           4  adc.o(.data)
    Led_Count                                0x20000034   Data           4  led.o(.data)
    Comd                                     0x2000003c   Data           2  pstwo.o(.data)
    Handkey                                  0x2000003e   Data           2  pstwo.o(.data)
    MASK                                     0x20000044   Data          32  pstwo.o(.data)
    TIM1CH1_CAPTURE_STA                      0x20000064   Data           1  timer.o(.data)
    TIM1CH2_CAPTURE_STA                      0x20000065   Data           1  timer.o(.data)
    TIM1CH3_CAPTURE_STA                      0x20000066   Data           1  timer.o(.data)
    TIM1CH4_CAPTURE_STA                      0x20000067   Data           1  timer.o(.data)
    TIM1CH1_CAPTURE_UPVAL                    0x20000068   Data           2  timer.o(.data)
    TIM1CH1_CAPTURE_DOWNVAL                  0x2000006a   Data           2  timer.o(.data)
    TIM1CH2_CAPTURE_UPVAL                    0x2000006c   Data           2  timer.o(.data)
    TIM1CH2_CAPTURE_DOWNVAL                  0x2000006e   Data           2  timer.o(.data)
    TIM1CH3_CAPTURE_UPVAL                    0x20000070   Data           2  timer.o(.data)
    TIM1CH3_CAPTURE_DOWNVAL                  0x20000072   Data           2  timer.o(.data)
    TIM1CH4_CAPTURE_UPVAL                    0x20000074   Data           2  timer.o(.data)
    TIM1CH4_CAPTURE_DOWNVAL                  0x20000076   Data           2  timer.o(.data)
    Remoter_Ch1                              0x20000078   Data           4  timer.o(.data)
    Remoter_Ch2                              0x2000007c   Data           4  timer.o(.data)
    Remoter_Ch3                              0x20000080   Data           4  timer.o(.data)
    Remoter_Ch4                              0x20000084   Data           4  timer.o(.data)
    L_Remoter_Ch1                            0x20000088   Data           4  timer.o(.data)
    L_Remoter_Ch2                            0x2000008c   Data           4  timer.o(.data)
    L_Remoter_Ch3                            0x20000090   Data           4  timer.o(.data)
    L_Remoter_Ch4                            0x20000094   Data           4  timer.o(.data)
    TIM1_T1                                  0x20000098   Data           4  timer.o(.data)
    TIM1_T2                                  0x2000009c   Data           4  timer.o(.data)
    TIM1_T3                                  0x200000a0   Data           4  timer.o(.data)
    TIM1_T4                                  0x200000a4   Data           4  timer.o(.data)
    __stdout                                 0x200000b4   Data           4  usart.o(.data)
    pxCurrentTCB                             0x200000c8   Data           4  tasks.o(.data)
    Flag_Stop                                0x2000013c   Data           1  system.o(.data)
    Car_Mode                                 0x2000013d   Data           1  system.o(.data)
    RC_Velocity                              0x20000140   Data           4  system.o(.data)
    Velocity_KP                              0x20000144   Data           4  system.o(.data)
    Velocity_KI                              0x20000148   Data           4  system.o(.data)
    PS2_ON_Flag                              0x2000014c   Data           1  system.o(.data)
    APP_ON_Flag                              0x2000014d   Data           1  system.o(.data)
    Remote_ON_Flag                           0x2000014e   Data           1  system.o(.data)
    CAN_ON_Flag                              0x2000014f   Data           1  system.o(.data)
    Usart_ON_Flag                            0x20000150   Data           1  system.o(.data)
    Flag_Direction                           0x20000151   Data           1  system.o(.data)
    Divisor_Mode                             0x20000154   Data           4  system.o(.data)
    Move_X                                   0x20000158   Data           4  system.o(.data)
    Move_Y                                   0x2000015c   Data           4  system.o(.data)
    Move_Z                                   0x20000160   Data           4  system.o(.data)
    Encoder_precision                        0x20000164   Data           4  system.o(.data)
    Wheel_perimeter                          0x20000168   Data           4  system.o(.data)
    Wheel_spacing                            0x2000016c   Data           4  system.o(.data)
    Wheel_axlespacing                        0x20000170   Data           4  system.o(.data)
    Flag_Left                                0x20000174   Data           1  system.o(.data)
    Flag_Right                               0x20000175   Data           1  system.o(.data)
    PS2_LX                                   0x20000178   Data           4  system.o(.data)
    PS2_LY                                   0x2000017c   Data           4  system.o(.data)
    PS2_RX                                   0x20000180   Data           4  system.o(.data)
    PS2_RY                                   0x20000184   Data           4  system.o(.data)
    PS2_KEY                                  0x20000188   Data           4  system.o(.data)
    robot_mode_check_flag                    0x20000190   Data           4  balance.o(.data)
    A                                        0x20000194   Data           4  balance.o(.data)
    B                                        0x20000198   Data           4  balance.o(.data)
    C                                        0x2000019c   Data           4  balance.o(.data)
    DD                                       0x200001a0   Data           4  balance.o(.data)
    Time_count                               0x200001a4   Data           4  balance.o(.data)
    command_lost_count                       0x200001e8   Data           1  balance.o(.data)
    Buzzer_count                             0x200001f0   Data           4  show.o(.data)
    Voltage_Show                             0x200001fc   Data           4  show.o(.data)
    brushMode                                0x20000200   Data           4  brush.o(.data)
    zitai                                    0x20000204   Data           4  brush.o(.data)
    isPid                                    0x20000208   Data           4  brush.o(.data)
    BrushlessEnable                          0x2000020c   Data           4  hubdrivercan.o(.data)
    Deviation_Count                          0x20000210   Data           4  mpu6050.o(.data)
    gyro                                     0x20000214   Data           6  mpu6050.o(.data)
    accel                                    0x2000021a   Data           6  mpu6050.o(.data)
    Deviation_gyro                           0x20000220   Data           6  mpu6050.o(.data)
    Original_gyro                            0x20000226   Data           6  mpu6050.o(.data)
    Deviation_accel                          0x2000022c   Data           6  mpu6050.o(.data)
    Original_accel                           0x20000232   Data           6  mpu6050.o(.data)
    Data                                     0x20000238   Data           9  pstwo.o(.bss)
    Send_Data                                0x20000244   Data          80  usartx.o(.bss)
    Receive_Data                             0x20000294   Data          32  usartx.o(.bss)
    xQueueRegistry                           0x200002b4   Data          64  queue.o(.bss)
    smooth_control                           0x20005600   Data          12  system.o(.bss)
    MOTOR_A                                  0x2000560c   Data          28  system.o(.bss)
    MOTOR_B                                  0x20005628   Data          28  system.o(.bss)
    MOTOR_C                                  0x20005644   Data          28  system.o(.bss)
    MOTOR_D                                  0x20005660   Data          28  system.o(.bss)
    Robot_Parament                           0x2000567c   Data          24  robot_select_init.o(.bss)
    __initial_sp                             0x20005a98   Data           0  startup_stm32f40_41xxx.o(STACK)



==============================================================================

Memory Map of the image

  Image Entry point : 0x08000189

  Load Region LR_IROM1 (Base: 0x08000000, Size: 0x00006ac8, Max: 0x00080000, ABSOLUTE, COMPRESSED[0x000068f4])

    Execution Region ER_IROM1 (Base: 0x08000000, Size: 0x00006890, Max: 0x00080000, ABSOLUTE)

    Base Addr    Size         Type   Attr      Idx    E Section Name        Object

    0x08000000   0x00000188   Data   RO         1250    RESET               startup_stm32f40_41xxx.o
    0x08000188   0x00000000   Code   RO         4968  * .ARM.Collect$$$$00000000  mc_w.l(entry.o)
    0x08000188   0x00000004   Code   RO         5252    .ARM.Collect$$$$00000001  mc_w.l(entry2.o)
    0x0800018c   0x00000004   Code   RO         5255    .ARM.Collect$$$$00000004  mc_w.l(entry5.o)
    0x08000190   0x00000000   Code   RO         5257    .ARM.Collect$$$$00000008  mc_w.l(entry7b.o)
    0x08000190   0x00000000   Code   RO         5259    .ARM.Collect$$$$0000000A  mc_w.l(entry8b.o)
    0x08000190   0x00000008   Code   RO         5260    .ARM.Collect$$$$0000000B  mc_w.l(entry9a.o)
    0x08000198   0x00000000   Code   RO         5262    .ARM.Collect$$$$0000000D  mc_w.l(entry10a.o)
    0x08000198   0x00000000   Code   RO         5264    .ARM.Collect$$$$0000000F  mc_w.l(entry11a.o)
    0x08000198   0x00000004   Code   RO         5253    .ARM.Collect$$$$00002712  mc_w.l(entry2.o)
    0x0800019c   0x000000b6   Code   RO         3952    .emb_text           port.o
    0x08000252   0x00000002   PAD
    0x08000254   0x00000024   Code   RO         1251    .text               startup_stm32f40_41xxx.o
    0x08000278   0x00000024   Code   RO         4971    .text               mc_w.l(memcpya.o)
    0x0800029c   0x00000024   Code   RO         4973    .text               mc_w.l(memseta.o)
    0x080002c0   0x0000014e   Code   RO         5242    .text               mf_w.l(dadd.o)
    0x0800040e   0x000000e4   Code   RO         5244    .text               mf_w.l(dmul.o)
    0x080004f2   0x00000022   Code   RO         5246    .text               mf_w.l(dflti.o)
    0x08000514   0x0000001a   Code   RO         5248    .text               mf_w.l(dfltui.o)
    0x0800052e   0x00000038   Code   RO         5250    .text               mf_w.l(d2f.o)
    0x08000566   0x0000002c   Code   RO         5266    .text               mc_w.l(uidiv.o)
    0x08000592   0x0000001e   Code   RO         5270    .text               mc_w.l(llshl.o)
    0x080005b0   0x00000024   Code   RO         5272    .text               mc_w.l(llsshr.o)
    0x080005d4   0x00000000   Code   RO         5274    .text               mc_w.l(iusefp.o)
    0x080005d4   0x0000006e   Code   RO         5275    .text               mf_w.l(fepilogue.o)
    0x08000642   0x000000ba   Code   RO         5277    .text               mf_w.l(depilogue.o)
    0x080006fc   0x00000024   Code   RO         5285    .text               mc_w.l(init.o)
    0x08000720   0x00000020   Code   RO         5287    .text               mc_w.l(llushr.o)
    0x08000740   0x00000056   Code   RO         5297    .text               mc_w.l(__dczerorl2.o)
    0x08000796   0x00000014   Code   RO         1983    i.ADC_Cmd           stm32f4xx_adc.o
    0x080007aa   0x00000002   PAD
    0x080007ac   0x0000002c   Code   RO         1984    i.ADC_CommonInit    stm32f4xx_adc.o
    0x080007d8   0x00000006   Code   RO         1995    i.ADC_GetConversionValue  stm32f4xx_adc.o
    0x080007de   0x0000000e   Code   RO         1996    i.ADC_GetFlagStatus  stm32f4xx_adc.o
    0x080007ec   0x0000004c   Code   RO         2003    i.ADC_Init          stm32f4xx_adc.o
    0x08000838   0x00000074   Code   RO         2008    i.ADC_RegularChannelConfig  stm32f4xx_adc.o
    0x080008ac   0x0000000a   Code   RO         2010    i.ADC_SoftwareStartConv  stm32f4xx_adc.o
    0x080008b6   0x00000002   PAD
    0x080008b8   0x000000a0   Code   RO          391    i.Adc_Init          adc.o
    0x08000958   0x000001ec   Code   RO         4156    i.Balance_task      balance.o
    0x08000b44   0x00000044   Code   RO         4365    i.Brush_Init        brush.o
    0x08000b88   0x00000044   Code   RO         4366    i.Brush_work        brush.o
    0x08000bcc   0x00000002   Code   RO          275    i.BusFault_Handler  stm32f4xx_it.o
    0x08000bce   0x00000002   PAD
    0x08000bd0   0x00000034   Code   RO          631    i.Buzzer_Init       led.o
    0x08000c04   0x00000184   Code   RO          438    i.CAN1_Mode_Init    can.o
    0x08000d88   0x00000114   Code   RO          440    i.CAN1_RX0_IRQHandler  can.o
    0x08000e9c   0x00000094   Code   RO          442    i.CAN1_Rx_Msg       can.o
    0x08000f30   0x000000cc   Code   RO         2225    i.CAN_FilterInit    stm32f4xx_can.o
    0x08000ffc   0x00000010   Code   RO         2231    i.CAN_ITConfig      stm32f4xx_can.o
    0x0800100c   0x00000038   Code   RO          971    i.Check_Sum         usartx.o
    0x08001044   0x00000002   Code   RO          276    i.DebugMon_Handler  stm32f4xx_it.o
    0x08001046   0x00000002   PAD
    0x08001048   0x000000d0   Code   RO         4157    i.Drive_Motor       balance.o
    0x08001118   0x00000030   Code   RO          675    i.Enable_Pin        motor.o
    0x08001148   0x000000dc   Code   RO          512    i.Encoder_Init_TIM2  encoder.o
    0x08001224   0x000000bc   Code   RO          513    i.Encoder_Init_TIM3  encoder.o
    0x080012e0   0x000000bc   Code   RO          514    i.Encoder_Init_TIM4  encoder.o
    0x0800139c   0x000000bc   Code   RO          515    i.Encoder_Init_TIM5  encoder.o
    0x08001458   0x00000078   Code   RO         1302    i.GPIO_Init         stm32f4xx_gpio.o
    0x080014d0   0x00000020   Code   RO         1303    i.GPIO_PinAFConfig  stm32f4xx_gpio.o
    0x080014f0   0x00000004   Code   RO         1309    i.GPIO_ResetBits    stm32f4xx_gpio.o
    0x080014f4   0x00000004   Code   RO         1310    i.GPIO_SetBits      stm32f4xx_gpio.o
    0x080014f8   0x00000030   Code   RO          392    i.Get_Adc           adc.o
    0x08001528   0x00000114   Code   RO         4158    i.Get_RC            balance.o
    0x0800163c   0x000000bc   Code   RO         4159    i.Get_Velocity_Form_Encoder  balance.o
    0x080016f8   0x0000002e   Code   RO          393    i.Get_adc_Average   adc.o
    0x08001726   0x00000002   PAD
    0x08001728   0x00000054   Code   RO          394    i.Get_battery_volt  adc.o
    0x0800177c   0x00000002   Code   RO          277    i.HardFault_Handler  stm32f4xx_it.o
    0x0800177e   0x00000002   PAD
    0x08001780   0x00000040   Code   RO         4872    i.I2C_Ack           i2c.o
    0x080017c0   0x00000044   Code   RO         4873    i.I2C_GPIOInit      i2c.o
    0x08001804   0x00000040   Code   RO         4874    i.I2C_NAck          i2c.o
    0x08001844   0x00000070   Code   RO         4876    i.I2C_ReadByte      i2c.o
    0x080018b4   0x0000003e   Code   RO         4877    i.I2C_ReadOneByte   i2c.o
    0x080018f2   0x00000002   PAD
    0x080018f4   0x00000050   Code   RO         4878    i.I2C_Start         i2c.o
    0x08001944   0x00000040   Code   RO         4879    i.I2C_Stop          i2c.o
    0x08001984   0x00000054   Code   RO         4880    i.I2C_WaiteForAck   i2c.o
    0x080019d8   0x0000004a   Code   RO         4881    i.I2C_WriteBits     i2c.o
    0x08001a22   0x00000002   PAD
    0x08001a24   0x00000060   Code   RO         4883    i.I2C_WriteByte     i2c.o
    0x08001a84   0x00000032   Code   RO         4885    i.I2C_WriteOneByte  i2c.o
    0x08001ab6   0x00000002   PAD
    0x08001ab8   0x0000007c   Code   RO         4160    i.Incremental_PI_A  balance.o
    0x08001b34   0x0000007c   Code   RO         4161    i.Incremental_PI_B  balance.o
    0x08001bb0   0x0000007c   Code   RO         4162    i.Incremental_PI_C  balance.o
    0x08001c2c   0x0000007c   Code   RO         4163    i.Incremental_PI_D  balance.o
    0x08001ca8   0x00000030   Code   RO          581    i.KEY_Init          key.o
    0x08001cd8   0x00000020   Code   RO         4164    i.Key               balance.o
    0x08001cf8   0x00000054   Code   RO          632    i.LED_Init          led.o
    0x08001d4c   0x00000032   Code   RO         4748    i.MPU6050_Set_LPF   mpu6050.o
    0x08001d7e   0x00000030   Code   RO         4749    i.MPU6050_Set_Rate  mpu6050.o
    0x08001dae   0x00000084   Code   RO         4751    i.MPU6050_initialize  mpu6050.o
    0x08001e32   0x00000012   Code   RO         4754    i.MPU6050_setFullScaleAccelRange  mpu6050.o
    0x08001e44   0x00000012   Code   RO         4755    i.MPU6050_setFullScaleGyroRange  mpu6050.o
    0x08001e56   0x00000002   PAD
    0x08001e58   0x00000040   Code   RO         4759    i.MPU6050_task      mpu6050.o
    0x08001e98   0x00000088   Code   RO         4761    i.MPU_Get_Accelscope  mpu6050.o
    0x08001f20   0x000000ac   Code   RO         4762    i.MPU_Get_Gyroscope  mpu6050.o
    0x08001fcc   0x00000002   Code   RO          278    i.MemManage_Handler  stm32f4xx_it.o
    0x08001fce   0x00000002   PAD
    0x08001fd0   0x000000c4   Code   RO          676    i.MiniBalance_Motor_Init  motor.o
    0x08002094   0x00000108   Code   RO          677    i.MiniBalance_PWM_Init  motor.o
    0x0800219c   0x00000098   Code   RO          972    i.Motion_analysis_transformation  usartx.o
    0x08002234   0x00000002   Code   RO          279    i.NMI_Handler       stm32f4xx_it.o
    0x08002236   0x00000002   PAD
    0x08002238   0x00000064   Code   RO         1257    i.NVIC_Init         misc.o
    0x0800229c   0x00000014   Code   RO         1258    i.NVIC_PriorityGroupConfig  misc.o
    0x080022b0   0x00000018   Code   RO          811    i.PS2_ClearData     pstwo.o
    0x080022c8   0x00000098   Code   RO          812    i.PS2_Cmd           pstwo.o
    0x08002360   0x00000040   Code   RO          813    i.PS2_DataKey       pstwo.o
    0x080023a0   0x0000005c   Code   RO          814    i.PS2_EnterConfing  pstwo.o
    0x080023fc   0x0000005c   Code   RO          815    i.PS2_ExitConfing   pstwo.o
    0x08002458   0x00000048   Code   RO          816    i.PS2_Init          pstwo.o
    0x080024a0   0x000000dc   Code   RO          817    i.PS2_Read          pstwo.o
    0x0800257c   0x000000a8   Code   RO          818    i.PS2_ReadData      pstwo.o
    0x08002624   0x0000001e   Code   RO          821    i.PS2_SetInit       pstwo.o
    0x08002642   0x00000002   PAD
    0x08002644   0x00000044   Code   RO          822    i.PS2_ShortPoll     pstwo.o
    0x08002688   0x00000058   Code   RO          823    i.PS2_TurnOnAnalogMode  pstwo.o
    0x080026e0   0x00000184   Code   RO         4166    i.PS2_control       balance.o
    0x08002864   0x00000018   Code   RO         1399    i.RCC_AHB1PeriphClockCmd  stm32f4xx_rcc.o
    0x0800287c   0x00000018   Code   RO         1408    i.RCC_APB1PeriphClockCmd  stm32f4xx_rcc.o
    0x08002894   0x00000018   Code   RO         1411    i.RCC_APB2PeriphClockCmd  stm32f4xx_rcc.o
    0x080028ac   0x00000018   Code   RO         1413    i.RCC_APB2PeriphResetCmd  stm32f4xx_rcc.o
    0x080028c4   0x00000090   Code   RO         1420    i.RCC_GetClocksFreq  stm32f4xx_rcc.o
    0x08002954   0x00000040   Code   RO          516    i.Read_Encoder      encoder.o
    0x08002994   0x000001a8   Code   RO         4167    i.Remote_Control    balance.o
    0x08002b3c   0x00000054   Code   RO         4298    i.Robot_Init        robot_select_init.o
    0x08002b90   0x000001f0   Code   RO         4299    i.Robot_Select      robot_select_init.o
    0x08002d80   0x000000b4   Code   RO          354    i.SetSysClock       system_stm32f4xx.o
    0x08002e34   0x000000e4   Code   RO         4168    i.Set_Pwm           balance.o
    0x08002f18   0x000000d8   Code   RO         4169    i.Smooth_control    balance.o
    0x08002ff0   0x00000018   Code   RO         1261    i.SysTick_CLKSourceConfig  misc.o
    0x08003008   0x00000014   Code   RO         1129    i.SysTick_Handler   delay.o
    0x0800301c   0x0000005c   Code   RO          356    i.SystemInit        system_stm32f4xx.o
    0x08003078   0x0000002e   Code   RO         2382    i.TI1_Config        stm32f4xx_tim.o
    0x080030a6   0x00000036   Code   RO         2383    i.TI2_Config        stm32f4xx_tim.o
    0x080030dc   0x0000025c   Code   RO          932    i.TIM1_CC_IRQHandler  timer.o
    0x08003338   0x00000138   Code   RO          933    i.TIM1_Cap_Init     timer.o
    0x08003470   0x00000010   Code   RO          934    i.TIM1_UP_TIM10_IRQHandler  timer.o
    0x08003480   0x00000010   Code   RO          517    i.TIM2_IRQHandler   encoder.o
    0x08003490   0x00000014   Code   RO          518    i.TIM3_IRQHandler   encoder.o
    0x080034a4   0x00000014   Code   RO          519    i.TIM4_IRQHandler   encoder.o
    0x080034b8   0x00000014   Code   RO          520    i.TIM5_IRQHandler   encoder.o
    0x080034cc   0x00000014   Code   RO         2384    i.TIM_ARRPreloadConfig  stm32f4xx_tim.o
    0x080034e0   0x00000006   Code   RO         2390    i.TIM_ClearFlag     stm32f4xx_tim.o
    0x080034e6   0x00000006   Code   RO         2391    i.TIM_ClearITPendingBit  stm32f4xx_tim.o
    0x080034ec   0x00000014   Code   RO         2396    i.TIM_Cmd           stm32f4xx_tim.o
    0x08003500   0x00000016   Code   RO         2398    i.TIM_CtrlPWMOutputs  stm32f4xx_tim.o
    0x08003516   0x00000032   Code   RO         2405    i.TIM_EncoderInterfaceConfig  stm32f4xx_tim.o
    0x08003548   0x00000004   Code   RO         2411    i.TIM_GetCapture1   stm32f4xx_tim.o
    0x0800354c   0x00000004   Code   RO         2412    i.TIM_GetCapture2   stm32f4xx_tim.o
    0x08003550   0x00000004   Code   RO         2413    i.TIM_GetCapture3   stm32f4xx_tim.o
    0x08003554   0x00000004   Code   RO         2414    i.TIM_GetCapture4   stm32f4xx_tim.o
    0x08003558   0x00000018   Code   RO         2417    i.TIM_GetITStatus   stm32f4xx_tim.o
    0x08003570   0x000000ac   Code   RO         2419    i.TIM_ICInit        stm32f4xx_tim.o
    0x0800361c   0x00000010   Code   RO         2420    i.TIM_ICStructInit  stm32f4xx_tim.o
    0x0800362c   0x00000010   Code   RO         2421    i.TIM_ITConfig      stm32f4xx_tim.o
    0x0800363c   0x00000060   Code   RO         2425    i.TIM_OC1Init       stm32f4xx_tim.o
    0x0800369c   0x0000000c   Code   RO         2427    i.TIM_OC1PolarityConfig  stm32f4xx_tim.o
    0x080036a8   0x0000000c   Code   RO         2428    i.TIM_OC1PreloadConfig  stm32f4xx_tim.o
    0x080036b4   0x00000080   Code   RO         2430    i.TIM_OC2Init       stm32f4xx_tim.o
    0x08003734   0x00000014   Code   RO         2432    i.TIM_OC2PolarityConfig  stm32f4xx_tim.o
    0x08003748   0x00000014   Code   RO         2433    i.TIM_OC2PreloadConfig  stm32f4xx_tim.o
    0x0800375c   0x0000007c   Code   RO         2435    i.TIM_OC3Init       stm32f4xx_tim.o
    0x080037d8   0x00000014   Code   RO         2437    i.TIM_OC3PolarityConfig  stm32f4xx_tim.o
    0x080037ec   0x0000000c   Code   RO         2438    i.TIM_OC3PreloadConfig  stm32f4xx_tim.o
    0x080037f8   0x00000060   Code   RO         2440    i.TIM_OC4Init       stm32f4xx_tim.o
    0x08003858   0x00000014   Code   RO         2441    i.TIM_OC4PolarityConfig  stm32f4xx_tim.o
    0x0800386c   0x00000014   Code   RO         2442    i.TIM_OC4PreloadConfig  stm32f4xx_tim.o
    0x08003880   0x00000004   Code   RO         2458    i.TIM_SetCompare1   stm32f4xx_tim.o
    0x08003884   0x00000004   Code   RO         2459    i.TIM_SetCompare2   stm32f4xx_tim.o
    0x08003888   0x00000004   Code   RO         2460    i.TIM_SetCompare3   stm32f4xx_tim.o
    0x0800388c   0x00000004   Code   RO         2461    i.TIM_SetCompare4   stm32f4xx_tim.o
    0x08003890   0x00000004   Code   RO         2462    i.TIM_SetCounter    stm32f4xx_tim.o
    0x08003894   0x00000010   Code   RO         2463    i.TIM_SetIC1Prescaler  stm32f4xx_tim.o
    0x080038a4   0x00000018   Code   RO         2464    i.TIM_SetIC2Prescaler  stm32f4xx_tim.o
    0x080038bc   0x00000010   Code   RO         2465    i.TIM_SetIC3Prescaler  stm32f4xx_tim.o
    0x080038cc   0x00000018   Code   RO         2466    i.TIM_SetIC4Prescaler  stm32f4xx_tim.o
    0x080038e4   0x0000007c   Code   RO         2468    i.TIM_TimeBaseInit  stm32f4xx_tim.o
    0x08003960   0x00000012   Code   RO         2469    i.TIM_TimeBaseStructInit  stm32f4xx_tim.o
    0x08003972   0x00000002   PAD
    0x08003974   0x00000074   Code   RO         4170    i.Turn_Off          balance.o
    0x080039e8   0x00000100   Code   RO          973    i.UART4_IRQHandler  usartx.o
    0x08003ae8   0x000000d8   Code   RO          974    i.USART1_IRQHandler  usartx.o
    0x08003bc0   0x0000001c   Code   RO          975    i.USART1_SEND       usartx.o
    0x08003bdc   0x000000e8   Code   RO          976    i.USART2_IRQHandler  usartx.o
    0x08003cc4   0x0000001c   Code   RO          977    i.USART2_SEND       usartx.o
    0x08003ce0   0x000000e8   Code   RO          978    i.USART3_IRQHandler  usartx.o
    0x08003dc8   0x0000001c   Code   RO          979    i.USART3_SEND       usartx.o
    0x08003de4   0x0000001c   Code   RO          980    i.USART4_SEND       usartx.o
    0x08003e00   0x00000014   Code   RO         1793    i.USART_Cmd         stm32f4xx_usart.o
    0x08003e14   0x0000003e   Code   RO         1797    i.USART_GetITStatus  stm32f4xx_usart.o
    0x08003e52   0x00000030   Code   RO         1799    i.USART_ITConfig    stm32f4xx_usart.o
    0x08003e82   0x00000002   PAD
    0x08003e84   0x000000ac   Code   RO         1800    i.USART_Init        stm32f4xx_usart.o
    0x08003f30   0x00000008   Code   RO         1807    i.USART_ReceiveData  stm32f4xx_usart.o
    0x08003f38   0x00000002   Code   RO          280    i.UsageFault_Handler  stm32f4xx_it.o
    0x08003f3a   0x00000002   PAD
    0x08003f3c   0x00000054   Code   RO          981    i.XYZ_Target_Speed_transition  usartx.o
    0x08003f90   0x00000020   Code   RO         5070    i.__0printf$3       mc_w.l(printf3.o)
    0x08003fb0   0x0000000e   Code   RO         5291    i.__scatterload_copy  mc_w.l(handlers.o)
    0x08003fbe   0x00000002   Code   RO         5292    i.__scatterload_null  mc_w.l(handlers.o)
    0x08003fc0   0x0000000e   Code   RO         5293    i.__scatterload_zeroinit  mc_w.l(handlers.o)
    0x08003fce   0x00000002   PAD
    0x08003fd0   0x000001b8   Code   RO         5077    i._printf_core      mc_w.l(printf3.o)
    0x08004188   0x00000040   Code   RO         4367    i.brush_task        brush.o
    0x080041c8   0x00000030   Code   RO          583    i.click             key.o
    0x080041f8   0x0000002a   Code   RO          982    i.data_task         usartx.o
    0x08004222   0x00000002   PAD
    0x08004224   0x00000130   Code   RO          983    i.data_transition   usartx.o
    0x08004354   0x00000038   Code   RO         1130    i.delay_init        delay.o
    0x0800438c   0x00000038   Code   RO         1131    i.delay_ms          delay.o
    0x080043c4   0x00000034   Code   RO         1132    i.delay_us          delay.o
    0x080043f8   0x00000014   Code   RO         1204    i.fputc             usart.o
    0x0800440c   0x0000001c   Code   RO         1134    i.getSysTickCnt     delay.o
    0x08004428   0x00000020   Code   RO          634    i.led_task          led.o
    0x08004448   0x00000038   Code   RO            3    i.main              main.o
    0x08004480   0x00000008   Code   RO         4172    i.myabs             balance.o
    0x08004488   0x0000003c   Code   RO         4368    i.pidForward        brush.o
    0x080044c4   0x00000070   Code   RO         3471    i.prvAddCurrentTaskToDelayedList  tasks.o
    0x08004534   0x000000d0   Code   RO         3472    i.prvAddNewTaskToReadyList  tasks.o
    0x08004604   0x00000050   Code   RO         3824    i.prvCheckForValidListAndQueue  timers.o
    0x08004654   0x00000054   Code   RO         3473    i.prvCheckTasksWaitingTermination  tasks.o
    0x080046a8   0x00000026   Code   RO         3248    i.prvCopyDataFromQueue  queue.o
    0x080046ce   0x0000006c   Code   RO         3249    i.prvCopyDataToQueue  queue.o
    0x0800473a   0x00000014   Code   RO         3474    i.prvDeleteTCB      tasks.o
    0x0800474e   0x00000002   PAD
    0x08004750   0x0000004c   Code   RO         4037    i.prvHeapInit       heap_4.o
    0x0800479c   0x00000028   Code   RO         3475    i.prvIdleTask       tasks.o
    0x080047c4   0x000000c0   Code   RO         3476    i.prvInitialiseNewTask  tasks.o
    0x08004884   0x0000004c   Code   RO         4038    i.prvInsertBlockIntoFreeList  heap_4.o
    0x080048d0   0x00000038   Code   RO         3825    i.prvInsertTimerInActiveList  timers.o
    0x08004908   0x0000001a   Code   RO         3250    i.prvIsQueueEmpty   queue.o
    0x08004922   0x00000002   PAD
    0x08004924   0x00000090   Code   RO         3251    i.prvNotifyQueueSetContainer  queue.o
    0x080049b4   0x00000060   Code   RO         3826    i.prvProcessExpiredTimer  timers.o
    0x08004a14   0x000000f0   Code   RO         3827    i.prvProcessReceivedCommands  timers.o
    0x08004b04   0x0000006c   Code   RO         3828    i.prvProcessTimerOrBlockTask  timers.o
    0x08004b70   0x00000020   Code   RO         3478    i.prvResetNextTaskUnblockTime  tasks.o
    0x08004b90   0x00000028   Code   RO         3829    i.prvSampleTimeNow  timers.o
    0x08004bb8   0x0000006c   Code   RO         3830    i.prvSwitchTimerLists  timers.o
    0x08004c24   0x00000064   Code   RO         3953    i.prvTaskExitError  port.o
    0x08004c88   0x00000028   Code   RO         3831    i.prvTimerTask      timers.o
    0x08004cb0   0x00000078   Code   RO         3252    i.prvUnlockQueue    queue.o
    0x08004d28   0x00000016   Code   RO          826    i.pstwo_task        pstwo.o
    0x08004d3e   0x00000002   PAD
    0x08004d40   0x00000114   Code   RO         4039    i.pvPortMalloc      heap_4.o
    0x08004e54   0x00000018   Code   RO         3480    i.pvTaskIncrementMutexHeldCount  tasks.o
    0x08004e6c   0x0000002c   Code   RO         3954    i.pxPortInitialiseStack  port.o
    0x08004e98   0x000000a0   Code   RO         4173    i.robot_mode_check  balance.o
    0x08004f38   0x000000d0   Code   RO         4329    i.show_task         show.o
    0x08005008   0x00000110   Code   RO            4    i.start_task        main.o
    0x08005118   0x0000009e   Code   RO         4094    i.systemInit        system.o
    0x080051b6   0x00000020   Code   RO         4174    i.target_limit_float  balance.o
    0x080051d6   0x00000010   Code   RO         4175    i.target_limit_int  balance.o
    0x080051e6   0x00000002   PAD
    0x080051e8   0x000000ac   Code   RO          984    i.uart1_init        usartx.o
    0x08005294   0x000000b0   Code   RO          985    i.uart2_init        usartx.o
    0x08005344   0x000000b0   Code   RO          986    i.uart3_init        usartx.o
    0x080053f4   0x000000ac   Code   RO          987    i.uart4_init        usartx.o
    0x080054a0   0x00000010   Code   RO          988    i.usart1_send       usartx.o
    0x080054b0   0x00000014   Code   RO          989    i.usart2_send       usartx.o
    0x080054c4   0x00000014   Code   RO          990    i.usart3_send       usartx.o
    0x080054d8   0x00000014   Code   RO          991    i.usart4_send       usartx.o
    0x080054ec   0x00000024   Code   RO         3203    i.uxListRemove      list.o
    0x08005510   0x00000016   Code   RO         3204    i.vListInitialise   list.o
    0x08005526   0x00000006   Code   RO         3205    i.vListInitialiseItem  list.o
    0x0800552c   0x00000030   Code   RO         3206    i.vListInsert       list.o
    0x0800555c   0x00000018   Code   RO         3207    i.vListInsertEnd    list.o
    0x08005574   0x00000078   Code   RO         3956    i.vPortEnterCritical  port.o
    0x080055ec   0x00000064   Code   RO         3957    i.vPortExitCritical  port.o
    0x08005650   0x0000009c   Code   RO         4040    i.vPortFree         heap_4.o
    0x080056ec   0x00000020   Code   RO         3958    i.vPortSetupTimerInterrupt  port.o
    0x0800570c   0x0000008c   Code   RO         3959    i.vPortValidateInterruptPriority  port.o
    0x08005798   0x00000024   Code   RO         3258    i.vQueueAddToRegistry  queue.o
    0x080057bc   0x00000044   Code   RO         3262    i.vQueueWaitForMessageRestricted  queue.o
    0x08005800   0x0000006c   Code   RO         3488    i.vTaskDelay        tasks.o
    0x0800586c   0x000000ac   Code   RO         3489    i.vTaskDelayUntil   tasks.o
    0x08005918   0x000000cc   Code   RO         3490    i.vTaskDelete       tasks.o
    0x080059e4   0x0000000c   Code   RO         3494    i.vTaskMissedYield  tasks.o
    0x080059f0   0x00000054   Code   RO         3496    i.vTaskPlaceOnEventList  tasks.o
    0x08005a44   0x0000005c   Code   RO         3497    i.vTaskPlaceOnEventListRestricted  tasks.o
    0x08005aa0   0x00000084   Code   RO         3499    i.vTaskPriorityInherit  tasks.o
    0x08005b24   0x00000048   Code   RO         3503    i.vTaskSetTimeOutState  tasks.o
    0x08005b6c   0x00000094   Code   RO         3504    i.vTaskStartScheduler  tasks.o
    0x08005c00   0x00000010   Code   RO         3506    i.vTaskSuspendAll   tasks.o
    0x08005c10   0x0000007c   Code   RO         3507    i.vTaskSwitchContext  tasks.o
    0x08005c8c   0x00000114   Code   RO         3960    i.xPortStartScheduler  port.o
    0x08005da0   0x0000002c   Code   RO         3961    i.xPortSysTickHandler  port.o
    0x08005dcc   0x00000078   Code   RO         3267    i.xQueueGenericCreate  queue.o
    0x08005e44   0x00000184   Code   RO         3268    i.xQueueGenericReceive  queue.o
    0x08005fc8   0x000000a8   Code   RO         3269    i.xQueueGenericReset  queue.o
    0x08006070   0x00000188   Code   RO         3270    i.xQueueGenericSend  queue.o
    0x080061f8   0x000000e0   Code   RO         3271    i.xQueueGenericSendFromISR  queue.o
    0x080062d8   0x00000088   Code   RO         3508    i.xTaskCheckForTimeOut  tasks.o
    0x08006360   0x00000056   Code   RO         3509    i.xTaskCreate       tasks.o
    0x080063b6   0x00000002   PAD
    0x080063b8   0x0000001c   Code   RO         3513    i.xTaskGetSchedulerState  tasks.o
    0x080063d4   0x0000000c   Code   RO         3514    i.xTaskGetTickCount  tasks.o
    0x080063e0   0x000000e8   Code   RO         3516    i.xTaskIncrementTick  tasks.o
    0x080064c8   0x000000b4   Code   RO         3519    i.xTaskPriorityDisinherit  tasks.o
    0x0800657c   0x00000098   Code   RO         3520    i.xTaskRemoveFromEventList  tasks.o
    0x08006614   0x000000e4   Code   RO         3522    i.xTaskResumeAll    tasks.o
    0x080066f8   0x00000074   Code   RO         3834    i.xTimerCreate      timers.o
    0x0800676c   0x00000074   Code   RO         3835    i.xTimerCreateTimerTask  timers.o
    0x080067e0   0x00000090   Code   RO         3836    i.xTimerGenericCommand  timers.o
    0x08006870   0x00000020   Data   RO         5289    Region$$Table       anon$$obj.o


    Execution Region RW_IRAM1 (Base: 0x20000000, Size: 0x00005a98, Max: 0x00020000, ABSOLUTE, COMPRESSED[0x00000064])

    Base Addr    Size         Type   Attr      Idx    E Section Name        Object

    0x20000000   0x00000004   Data   RW            5    .data               main.o
    0x20000004   0x00000014   Data   RW          357    .data               system_stm32f4xx.o
    0x20000018   0x00000004   Data   RW          396    .data               adc.o
    0x2000001c   0x00000004   Data   RW          398    .data               adc.o
    0x20000020   0x00000014   Data   RW          586    .data               key.o
    0x20000034   0x00000008   Data   RW          635    .data               led.o
    0x2000003c   0x00000028   Data   RW          828    .data               pstwo.o
    0x20000064   0x00000044   Data   RW          935    .data               timer.o
    0x200000a8   0x00000004   Data   RW          993    .data               usartx.o
    0x200000ac   0x00000008   Data   RW         1135    .data               delay.o
    0x200000b4   0x00000004   Data   RW         1208    .data               usart.o
    0x200000b8   0x00000010   Data   RW         1452    .data               stm32f4xx_rcc.o
    0x200000c8   0x0000003c   Data   RW         3525    .data               tasks.o
    0x20000104   0x00000014   Data   RW         3844    .data               timers.o
    0x20000118   0x0000000c   Data   RW         3962    .data               port.o
    0x20000124   0x00000018   Data   RW         4045    .data               heap_4.o
    0x2000013c   0x00000001   Data   RW         4100    .data               system.o
    0x2000013d   0x00000001   Data   RW         4102    .data               system.o
    0x2000013e   0x00000002   PAD
    0x20000140   0x00000004   Data   RW         4103    .data               system.o
    0x20000144   0x00000004   Data   RW         4104    .data               system.o
    0x20000148   0x00000004   Data   RW         4105    .data               system.o
    0x2000014c   0x00000001   Data   RW         4106    .data               system.o
    0x2000014d   0x00000001   Data   RW         4107    .data               system.o
    0x2000014e   0x00000001   Data   RW         4108    .data               system.o
    0x2000014f   0x00000001   Data   RW         4109    .data               system.o
    0x20000150   0x00000001   Data   RW         4110    .data               system.o
    0x20000151   0x00000001   Data   RW         4111    .data               system.o
    0x20000152   0x00000002   PAD
    0x20000154   0x00000004   Data   RW         4112    .data               system.o
    0x20000158   0x00000004   Data   RW         4114    .data               system.o
    0x2000015c   0x00000004   Data   RW         4115    .data               system.o
    0x20000160   0x00000004   Data   RW         4116    .data               system.o
    0x20000164   0x00000004   Data   RW         4117    .data               system.o
    0x20000168   0x00000004   Data   RW         4118    .data               system.o
    0x2000016c   0x00000004   Data   RW         4119    .data               system.o
    0x20000170   0x00000004   Data   RW         4120    .data               system.o
    0x20000174   0x00000001   Data   RW         4122    .data               system.o
    0x20000175   0x00000001   Data   RW         4123    .data               system.o
    0x20000176   0x00000002   PAD
    0x20000178   0x00000004   Data   RW         4126    .data               system.o
    0x2000017c   0x00000004   Data   RW         4127    .data               system.o
    0x20000180   0x00000004   Data   RW         4128    .data               system.o
    0x20000184   0x00000004   Data   RW         4129    .data               system.o
    0x20000188   0x00000004   Data   RW         4130    .data               system.o
    0x2000018c   0x0000005c   Data   RW         4176    .data               balance.o
    0x200001e8   0x00000001   Data   RW         4177    .data               balance.o
    0x200001e9   0x00000003   PAD
    0x200001ec   0x00000014   Data   RW         4330    .data               show.o
    0x20000200   0x0000000c   Data   RW         4369    .data               brush.o
    0x2000020c   0x00000004   Data   RW         4601    .data               hubdrivercan.o
    0x20000210   0x00000028   Data   RW         4773    .data               mpu6050.o
    0x20000238   0x00000009   Zero   RW          827    .bss                pstwo.o
    0x20000241   0x00000003   PAD
    0x20000244   0x00000070   Zero   RW          992    .bss                usartx.o
    0x200002b4   0x00000040   Zero   RW         3282    .bss                queue.o
    0x200002f4   0x000002e4   Zero   RW         3524    .bss                tasks.o
    0x200005d8   0x00000028   Zero   RW         3843    .bss                timers.o
    0x20000600   0x00005000   Zero   RW         4044    .bss                heap_4.o
    0x20005600   0x0000000c   Zero   RW         4095    .bss                system.o
    0x2000560c   0x0000001c   Zero   RW         4096    .bss                system.o
    0x20005628   0x0000001c   Zero   RW         4097    .bss                system.o
    0x20005644   0x0000001c   Zero   RW         4098    .bss                system.o
    0x20005660   0x0000001c   Zero   RW         4099    .bss                system.o
    0x2000567c   0x00000018   Zero   RW         4300    .bss                robot_select_init.o
    0x20005694   0x00000004   PAD
    0x20005698   0x00000400   Zero   RW         1248    STACK               startup_stm32f40_41xxx.o


==============================================================================

Image component sizes


      Code (inc. data)   RO Data    RW Data    ZI Data      Debug   Object Name

       338         44          0          8          0       2917   adc.o
      3280        536          0         93          0      14061   balance.o
       260         34          0         12          0       3159   brush.o
       812         70          0          0          0       3229   can.o
       212         18          0          8          0       3329   delay.o
       924         64          0          0          0       5747   encoder.o
         0          0          0          0          0       9448   event_groups.o
       584        138          0         24      20480       4283   heap_4.o
         0          0          0          4          0        303   hubdrivercan.o
       818         74          0          0          0       7073   i2c.o
        96         14          0         20          0       3166   key.o
       168         18          0          8          0       2368   led.o
       136          0          0          0          0       3354   list.o
       328        146          0          4          0     322756   main.o
       144         14          0          0          0       2217   misc.o
       508         30          0          0          0       2141   motor.o
       638         22          0         40          0       6584   mpu6050.o
      1038        382          0         12          0      11157   port.o
      1092        116          0         40          9       8164   pstwo.o
      1832        236          0          0         64      13785   queue.o
       580         88          0          0         24       1797   robot_select_init.o
       208         30          0         20          0       1968   show.o
        36          8        392          0       1024        860   startup_stm32f40_41xxx.o
       286         20          0          0          0       5834   stm32f4xx_adc.o
       220         10          0          0          0       2436   stm32f4xx_can.o
       160          0          0          0          0       3007   stm32f4xx_gpio.o
        12          0          0          0          0       2865   stm32f4xx_it.o
       240         36          0         16          0       5516   stm32f4xx_rcc.o
      1290         60          0          0          0      27368   stm32f4xx_tim.o
       310          8          0          0          0       4602   stm32f4xx_usart.o
       158          0          0         74        124       3748   system.o
       272         36          0         20          0       1869   system_stm32f4xx.o
      2930        714          0         60        740      31593   tasks.o
       932         46          0         68          0       3918   timer.o
      1144        260          0         20         40      10346   timers.o
        20          6          0          4          0       2492   usart.o
      2458        398          0          4        112      14698   usartx.o

    ----------------------------------------------------------------------
     24510       3676        424        568      22624     554158   Object Totals
         0          0         32          0          0          0   (incl. Generated)
        46          0          0          9          7          0   (incl. Padding)

    ----------------------------------------------------------------------

      Code (inc. data)   RO Data    RW Data    ZI Data      Debug   Library Member Name

        86          0          0          0          0          0   __dczerorl2.o
         0          0          0          0          0          0   entry.o
         0          0          0          0          0          0   entry10a.o
         0          0          0          0          0          0   entry11a.o
         8          4          0          0          0          0   entry2.o
         4          0          0          0          0          0   entry5.o
         0          0          0          0          0          0   entry7b.o
         0          0          0          0          0          0   entry8b.o
         8          4          0          0          0          0   entry9a.o
        30          0          0          0          0          0   handlers.o
        36          8          0          0          0         68   init.o
         0          0          0          0          0          0   iusefp.o
        30          0          0          0          0         68   llshl.o
        36          0          0          0          0         68   llsshr.o
        32          0          0          0          0         68   llushr.o
        36          0          0          0          0         68   memcpya.o
        36          0          0          0          0        108   memseta.o
       472         14          0          0          0        184   printf3.o
        44          0          0          0          0         80   uidiv.o
        56          0          0          0          0         88   d2f.o
       334          0          0          0          0        148   dadd.o
       186          0          0          0          0        176   depilogue.o
        34          0          0          0          0         76   dflti.o
        26          0          0          0          0         76   dfltui.o
       228          0          0          0          0         96   dmul.o
       110          0          0          0          0        168   fepilogue.o

    ----------------------------------------------------------------------
      1834         30          0          0          0       1540   Library Totals
         2          0          0          0          0          0   (incl. Padding)

    ----------------------------------------------------------------------

      Code (inc. data)   RO Data    RW Data    ZI Data      Debug   Library Name

       858         30          0          0          0        712   mc_w.l
       974          0          0          0          0        828   mf_w.l

    ----------------------------------------------------------------------
      1834         30          0          0          0       1540   Library Totals

    ----------------------------------------------------------------------

==============================================================================


      Code (inc. data)   RO Data    RW Data    ZI Data      Debug   

     26344       3706        424        568      22624     531154   Grand Totals
     26344       3706        424        100      22624     531154   ELF Image Totals (compressed)
     26344       3706        424        100          0          0   ROM Totals

==============================================================================

    Total RO  Size (Code + RO Data)                26768 (  26.14kB)
    Total RW  Size (RW Data + ZI Data)             23192 (  22.65kB)
    Total ROM Size (Code + RO Data + RW Data)      26868 (  26.24kB)

==============================================================================

